[    0.000000] Linux version 4.8.0-26-generic (buildd@lgw01-58) (gcc version 6.2.0 20161005 (Ubuntu 6.2.0-5ubuntu12) ) #28-Ubuntu SMP Tue Oct 18 14:39:52 UTC 2016 (Ubuntu 4.8.0-26.28-generic 4.8.0)
[    0.000000] Command line: BOOT_IMAGE=/boot/vmlinuz-4.8.0-26-generic root=UUID=5fa164dd-8b8b-468f-9a53-8eb597654caa ro splash quiet
[    0.000000] KERNEL supported cpus:
[    0.000000]   Intel GenuineIntel
[    0.000000]   AMD AuthenticAMD
[    0.000000]   Centaur CentaurHauls
[    0.000000] Disabled fast string operations
[    0.000000] x86/fpu: Supporting XSAVE feature 0x001: 'x87 floating point registers'
[    0.000000] x86/fpu: Supporting XSAVE feature 0x002: 'SSE registers'
[    0.000000] x86/fpu: Supporting XSAVE feature 0x004: 'AVX registers'
[    0.000000] x86/fpu: xstate_offset[2]:  576, xstate_sizes[2]:  256
[    0.000000] x86/fpu: Enabled xstate features 0x7, context size is 832 bytes, using 'standard' format.
[    0.000000] x86/fpu: Using 'eager' FPU context switches.
[    0.000000] e820: BIOS-provided physical RAM map:
[    0.000000] BIOS-e820: [mem 0x0000000000000000-0x000000000009e7ff] usable
[    0.000000] BIOS-e820: [mem 0x000000000009e800-0x000000000009ffff] reserved
[    0.000000] BIOS-e820: [mem 0x00000000000dc000-0x00000000000fffff] reserved
[    0.000000] BIOS-e820: [mem 0x0000000000100000-0x000000003fedffff] usable
[    0.000000] BIOS-e820: [mem 0x000000003fee0000-0x000000003fefefff] ACPI data
[    0.000000] BIOS-e820: [mem 0x000000003feff000-0x000000003fefffff] ACPI NVS
[    0.000000] BIOS-e820: [mem 0x000000003ff00000-0x000000003fffffff] usable
[    0.000000] BIOS-e820: [mem 0x00000000f0000000-0x00000000f7ffffff] reserved
[    0.000000] BIOS-e820: [mem 0x00000000fec00000-0x00000000fec0ffff] reserved
[    0.000000] BIOS-e820: [mem 0x00000000fee00000-0x00000000fee00fff] reserved
[    0.000000] BIOS-e820: [mem 0x00000000fffe0000-0x00000000ffffffff] reserved
[    0.000000] NX (Execute Disable) protection: active
[    0.000000] SMBIOS 2.7 present.
[    0.000000] DMI: VMware, Inc. VMware Virtual Platform/440BX Desktop Reference Platform, BIOS 6.00 07/02/2015
[    0.000000] Hypervisor detected: VMware
[    0.000000] e820: update [mem 0x00000000-0x00000fff] usable ==> reserved
[    0.000000] e820: remove [mem 0x000a0000-0x000fffff] usable
[    0.000000] e820: last_pfn = 0x40000 max_arch_pfn = 0x400000000
[    0.000000] MTRR default type: uncachable
[    0.000000] MTRR fixed ranges enabled:
[    0.000000]   00000-9FFFF write-back
[    0.000000]   A0000-BFFFF uncachable
[    0.000000]   C0000-CFFFF write-protect
[    0.000000]   D0000-EFFFF uncachable
[    0.000000]   F0000-FFFFF write-protect
[    0.000000] MTRR variable ranges enabled:
[    0.000000]   0 base 000C0000000 mask 3FFC0000000 uncachable
[    0.000000]   1 base 00000000000 mask 3FF00000000 write-back
[    0.000000]   2 disabled
[    0.000000]   3 disabled
[    0.000000]   4 disabled
[    0.000000]   5 disabled
[    0.000000]   6 disabled
[    0.000000]   7 disabled
[    0.000000] x86/PAT: Configuration [0-7]: WB  WC  UC- UC  WB  WC  UC- WT  
[    0.000000] total RAM covered: 3072M
[    0.000000] Found optimal setting for mtrr clean up
[    0.000000]  gran_size: 64K 	chunk_size: 64K 	num_reg: 2  	lose cover RAM: 0G
[    0.000000] found SMP MP-table at [mem 0x000f6a80-0x000f6a8f] mapped at [ffff9aaa400f6a80]
[    0.000000] Scanning 1 areas for low memory corruption
[    0.000000] Base memory trampoline at [ffff9aaa40098000] 98000 size 24576
[    0.000000] Using GB pages for direct mapping
[    0.000000] BRK [0x05052000, 0x05052fff] PGTABLE
[    0.000000] BRK [0x05053000, 0x05053fff] PGTABLE
[    0.000000] BRK [0x05054000, 0x05054fff] PGTABLE
[    0.000000] BRK [0x05055000, 0x05055fff] PGTABLE
[    0.000000] BRK [0x05056000, 0x05056fff] PGTABLE
[    0.000000] RAMDISK: [mem 0x3316a000-0x358acfff]
[    0.000000] ACPI: Early table checksum verification disabled
[    0.000000] ACPI: RSDP 0x00000000000F6A10 000024 (v02 PTLTD )
[    0.000000] ACPI: XSDT 0x000000003FEEA65B 00005C (v01 INTEL  440BX    06040000 VMW  01324272)
[    0.000000] ACPI: FACP 0x000000003FEFEE73 0000F4 (v04 INTEL  440BX    06040000 PTL  000F4240)
[    0.000000] ACPI: DSDT 0x000000003FEEC3FC 012A77 (v01 PTLTD  Custom   06040000 MSFT 03000001)
[    0.000000] ACPI: FACS 0x000000003FEFFFC0 000040
[    0.000000] ACPI: FACS 0x000000003FEFFFC0 000040
[    0.000000] ACPI: BOOT 0x000000003FEEC3D4 000028 (v01 PTLTD  $SBFTBL$ 06040000  LTP 00000001)
[    0.000000] ACPI: APIC 0x000000003FEEB8BD 000742 (v01 PTLTD  ? APIC   06040000  LTP 00000000)
[    0.000000] ACPI: MCFG 0x000000003FEEB881 00003C (v01 PTLTD  $PCITBL$ 06040000  LTP 00000001)
[    0.000000] ACPI: SRAT 0x000000003FEEA757 0008A8 (v02 VMWARE MEMPLUG  06040000 VMW  00000001)
[    0.000000] ACPI: HPET 0x000000003FEEA71F 000038 (v01 VMWARE VMW HPET 06040000 VMW  00000001)
[    0.000000] ACPI: WAET 0x000000003FEEA6F7 000028 (v01 VMWARE VMW WAET 06040000 VMW  00000001)
[    0.000000] ACPI: Local APIC address 0xfee00000
[    0.000000] system APIC only can use physical flat
[    0.000000] Setting APIC routing to physical flat.
[    0.000000] SRAT: PXM 0 -> APIC 0x00 -> Node 0
[    0.000000] SRAT: PXM 0 -> APIC 0x02 -> Node 0
[    0.000000] SRAT: PXM 0 -> APIC 0x04 -> Node 0
[    0.000000] SRAT: PXM 0 -> APIC 0x06 -> Node 0
[    0.000000] SRAT: PXM 0 -> APIC 0x08 -> Node 0
[    0.000000] SRAT: PXM 0 -> APIC 0x0a -> Node 0
[    0.000000] SRAT: PXM 0 -> APIC 0x0c -> Node 0
[    0.000000] SRAT: PXM 0 -> APIC 0x0e -> Node 0
[    0.000000] SRAT: PXM 0 -> APIC 0x10 -> Node 0
[    0.000000] SRAT: PXM 0 -> APIC 0x12 -> Node 0
[    0.000000] SRAT: PXM 0 -> APIC 0x14 -> Node 0
[    0.000000] SRAT: PXM 0 -> APIC 0x16 -> Node 0
[    0.000000] SRAT: PXM 0 -> APIC 0x18 -> Node 0
[    0.000000] SRAT: PXM 0 -> APIC 0x1a -> Node 0
[    0.000000] SRAT: PXM 0 -> APIC 0x1c -> Node 0
[    0.000000] SRAT: PXM 0 -> APIC 0x1e -> Node 0
[    0.000000] SRAT: PXM 0 -> APIC 0x20 -> Node 0
[    0.000000] SRAT: PXM 0 -> APIC 0x22 -> Node 0
[    0.000000] SRAT: PXM 0 -> APIC 0x24 -> Node 0
[    0.000000] SRAT: PXM 0 -> APIC 0x26 -> Node 0
[    0.000000] SRAT: PXM 0 -> APIC 0x28 -> Node 0
[    0.000000] SRAT: PXM 0 -> APIC 0x2a -> Node 0
[    0.000000] SRAT: PXM 0 -> APIC 0x2c -> Node 0
[    0.000000] SRAT: PXM 0 -> APIC 0x2e -> Node 0
[    0.000000] SRAT: PXM 0 -> APIC 0x30 -> Node 0
[    0.000000] SRAT: PXM 0 -> APIC 0x32 -> Node 0
[    0.000000] SRAT: PXM 0 -> APIC 0x34 -> Node 0
[    0.000000] SRAT: PXM 0 -> APIC 0x36 -> Node 0
[    0.000000] SRAT: PXM 0 -> APIC 0x38 -> Node 0
[    0.000000] SRAT: PXM 0 -> APIC 0x3a -> Node 0
[    0.000000] SRAT: PXM 0 -> APIC 0x3c -> Node 0
[    0.000000] SRAT: PXM 0 -> APIC 0x3e -> Node 0
[    0.000000] SRAT: PXM 0 -> APIC 0x40 -> Node 0
[    0.000000] SRAT: PXM 0 -> APIC 0x42 -> Node 0
[    0.000000] SRAT: PXM 0 -> APIC 0x44 -> Node 0
[    0.000000] SRAT: PXM 0 -> APIC 0x46 -> Node 0
[    0.000000] SRAT: PXM 0 -> APIC 0x48 -> Node 0
[    0.000000] SRAT: PXM 0 -> APIC 0x4a -> Node 0
[    0.000000] SRAT: PXM 0 -> APIC 0x4c -> Node 0
[    0.000000] SRAT: PXM 0 -> APIC 0x4e -> Node 0
[    0.000000] SRAT: PXM 0 -> APIC 0x50 -> Node 0
[    0.000000] SRAT: PXM 0 -> APIC 0x52 -> Node 0
[    0.000000] SRAT: PXM 0 -> APIC 0x54 -> Node 0
[    0.000000] SRAT: PXM 0 -> APIC 0x56 -> Node 0
[    0.000000] SRAT: PXM 0 -> APIC 0x58 -> Node 0
[    0.000000] SRAT: PXM 0 -> APIC 0x5a -> Node 0
[    0.000000] SRAT: PXM 0 -> APIC 0x5c -> Node 0
[    0.000000] SRAT: PXM 0 -> APIC 0x5e -> Node 0
[    0.000000] SRAT: PXM 0 -> APIC 0x60 -> Node 0
[    0.000000] SRAT: PXM 0 -> APIC 0x62 -> Node 0
[    0.000000] SRAT: PXM 0 -> APIC 0x64 -> Node 0
[    0.000000] SRAT: PXM 0 -> APIC 0x66 -> Node 0
[    0.000000] SRAT: PXM 0 -> APIC 0x68 -> Node 0
[    0.000000] SRAT: PXM 0 -> APIC 0x6a -> Node 0
[    0.000000] SRAT: PXM 0 -> APIC 0x6c -> Node 0
[    0.000000] SRAT: PXM 0 -> APIC 0x6e -> Node 0
[    0.000000] SRAT: PXM 0 -> APIC 0x70 -> Node 0
[    0.000000] SRAT: PXM 0 -> APIC 0x72 -> Node 0
[    0.000000] SRAT: PXM 0 -> APIC 0x74 -> Node 0
[    0.000000] SRAT: PXM 0 -> APIC 0x76 -> Node 0
[    0.000000] SRAT: PXM 0 -> APIC 0x78 -> Node 0
[    0.000000] SRAT: PXM 0 -> APIC 0x7a -> Node 0
[    0.000000] SRAT: PXM 0 -> APIC 0x7c -> Node 0
[    0.000000] SRAT: PXM 0 -> APIC 0x7e -> Node 0
[    0.000000] SRAT: PXM 0 -> APIC 0x80 -> Node 0
[    0.000000] SRAT: PXM 0 -> APIC 0x82 -> Node 0
[    0.000000] SRAT: PXM 0 -> APIC 0x84 -> Node 0
[    0.000000] SRAT: PXM 0 -> APIC 0x86 -> Node 0
[    0.000000] SRAT: PXM 0 -> APIC 0x88 -> Node 0
[    0.000000] SRAT: PXM 0 -> APIC 0x8a -> Node 0
[    0.000000] SRAT: PXM 0 -> APIC 0x8c -> Node 0
[    0.000000] SRAT: PXM 0 -> APIC 0x8e -> Node 0
[    0.000000] SRAT: PXM 0 -> APIC 0x90 -> Node 0
[    0.000000] SRAT: PXM 0 -> APIC 0x92 -> Node 0
[    0.000000] SRAT: PXM 0 -> APIC 0x94 -> Node 0
[    0.000000] SRAT: PXM 0 -> APIC 0x96 -> Node 0
[    0.000000] SRAT: PXM 0 -> APIC 0x98 -> Node 0
[    0.000000] SRAT: PXM 0 -> APIC 0x9a -> Node 0
[    0.000000] SRAT: PXM 0 -> APIC 0x9c -> Node 0
[    0.000000] SRAT: PXM 0 -> APIC 0x9e -> Node 0
[    0.000000] SRAT: PXM 0 -> APIC 0xa0 -> Node 0
[    0.000000] SRAT: PXM 0 -> APIC 0xa2 -> Node 0
[    0.000000] SRAT: PXM 0 -> APIC 0xa4 -> Node 0
[    0.000000] SRAT: PXM 0 -> APIC 0xa6 -> Node 0
[    0.000000] SRAT: PXM 0 -> APIC 0xa8 -> Node 0
[    0.000000] SRAT: PXM 0 -> APIC 0xaa -> Node 0
[    0.000000] SRAT: PXM 0 -> APIC 0xac -> Node 0
[    0.000000] SRAT: PXM 0 -> APIC 0xae -> Node 0
[    0.000000] SRAT: PXM 0 -> APIC 0xb0 -> Node 0
[    0.000000] SRAT: PXM 0 -> APIC 0xb2 -> Node 0
[    0.000000] SRAT: PXM 0 -> APIC 0xb4 -> Node 0
[    0.000000] SRAT: PXM 0 -> APIC 0xb6 -> Node 0
[    0.000000] SRAT: PXM 0 -> APIC 0xb8 -> Node 0
[    0.000000] SRAT: PXM 0 -> APIC 0xba -> Node 0
[    0.000000] SRAT: PXM 0 -> APIC 0xbc -> Node 0
[    0.000000] SRAT: PXM 0 -> APIC 0xbe -> Node 0
[    0.000000] SRAT: PXM 0 -> APIC 0xc0 -> Node 0
[    0.000000] SRAT: PXM 0 -> APIC 0xc2 -> Node 0
[    0.000000] SRAT: PXM 0 -> APIC 0xc4 -> Node 0
[    0.000000] SRAT: PXM 0 -> APIC 0xc6 -> Node 0
[    0.000000] SRAT: PXM 0 -> APIC 0xc8 -> Node 0
[    0.000000] SRAT: PXM 0 -> APIC 0xca -> Node 0
[    0.000000] SRAT: PXM 0 -> APIC 0xcc -> Node 0
[    0.000000] SRAT: PXM 0 -> APIC 0xce -> Node 0
[    0.000000] SRAT: PXM 0 -> APIC 0xd0 -> Node 0
[    0.000000] SRAT: PXM 0 -> APIC 0xd2 -> Node 0
[    0.000000] SRAT: PXM 0 -> APIC 0xd4 -> Node 0
[    0.000000] SRAT: PXM 0 -> APIC 0xd6 -> Node 0
[    0.000000] SRAT: PXM 0 -> APIC 0xd8 -> Node 0
[    0.000000] SRAT: PXM 0 -> APIC 0xda -> Node 0
[    0.000000] SRAT: PXM 0 -> APIC 0xdc -> Node 0
[    0.000000] SRAT: PXM 0 -> APIC 0xde -> Node 0
[    0.000000] SRAT: PXM 0 -> APIC 0xe0 -> Node 0
[    0.000000] SRAT: PXM 0 -> APIC 0xe2 -> Node 0
[    0.000000] SRAT: PXM 0 -> APIC 0xe4 -> Node 0
[    0.000000] SRAT: PXM 0 -> APIC 0xe6 -> Node 0
[    0.000000] SRAT: PXM 0 -> APIC 0xe8 -> Node 0
[    0.000000] SRAT: PXM 0 -> APIC 0xea -> Node 0
[    0.000000] SRAT: PXM 0 -> APIC 0xec -> Node 0
[    0.000000] SRAT: PXM 0 -> APIC 0xee -> Node 0
[    0.000000] SRAT: PXM 0 -> APIC 0xf0 -> Node 0
[    0.000000] SRAT: PXM 0 -> APIC 0xf2 -> Node 0
[    0.000000] SRAT: PXM 0 -> APIC 0xf4 -> Node 0
[    0.000000] SRAT: PXM 0 -> APIC 0xf6 -> Node 0
[    0.000000] SRAT: PXM 0 -> APIC 0xf8 -> Node 0
[    0.000000] SRAT: PXM 0 -> APIC 0xfa -> Node 0
[    0.000000] SRAT: PXM 0 -> APIC 0xfc -> Node 0
[    0.000000] SRAT: PXM 0 -> APIC 0xfe -> Node 0
[    0.000000] ACPI: SRAT: Node 0 PXM 0 [mem 0x00000000-0x0009ffff]
[    0.000000] ACPI: SRAT: Node 0 PXM 0 [mem 0x00100000-0x3fffffff]
[    0.000000] ACPI: SRAT: Node 0 PXM 0 [mem 0x40000000-0xbfffffff] hotplug
[    0.000000] NUMA: Node 0 [mem 0x00000000-0x0009ffff] + [mem 0x00100000-0x3fffffff] -> [mem 0x00000000-0x3fffffff]
[    0.000000] NODE_DATA(0) allocated [mem 0x3fffb000-0x3fffffff]
[    0.000000] Zone ranges:
[    0.000000]   DMA      [mem 0x0000000000001000-0x0000000000ffffff]
[    0.000000]   DMA32    [mem 0x0000000001000000-0x000000003fffffff]
[    0.000000]   Normal   empty
[    0.000000]   Device   empty
[    0.000000] Movable zone start for each node
[    0.000000] Early memory node ranges
[    0.000000]   node   0: [mem 0x0000000000001000-0x000000000009dfff]
[    0.000000]   node   0: [mem 0x0000000000100000-0x000000003fedffff]
[    0.000000]   node   0: [mem 0x000000003ff00000-0x000000003fffffff]
[    0.000000] Initmem setup node 0 [mem 0x0000000000001000-0x000000003fffffff]
[    0.000000] On node 0 totalpages: 262013
[    0.000000]   DMA zone: 64 pages used for memmap
[    0.000000]   DMA zone: 21 pages reserved
[    0.000000]   DMA zone: 3997 pages, LIFO batch:0
[    0.000000]   DMA32 zone: 4032 pages used for memmap
[    0.000000]   DMA32 zone: 258016 pages, LIFO batch:31
[    0.000000] ACPI: PM-Timer IO Port: 0x1008
[    0.000000] ACPI: Local APIC address 0xfee00000
[    0.000000] system APIC only can use physical flat
[    0.000000] ACPI: LAPIC_NMI (acpi_id[0x00] high edge lint[0x1])
[    0.000000] ACPI: LAPIC_NMI (acpi_id[0x01] high edge lint[0x1])
[    0.000000] ACPI: LAPIC_NMI (acpi_id[0x02] high edge lint[0x1])
[    0.000000] ACPI: LAPIC_NMI (acpi_id[0x03] high edge lint[0x1])
[    0.000000] ACPI: LAPIC_NMI (acpi_id[0x04] high edge lint[0x1])
[    0.000000] ACPI: LAPIC_NMI (acpi_id[0x05] high edge lint[0x1])
[    0.000000] ACPI: LAPIC_NMI (acpi_id[0x06] high edge lint[0x1])
[    0.000000] ACPI: LAPIC_NMI (acpi_id[0x07] high edge lint[0x1])
[    0.000000] ACPI: LAPIC_NMI (acpi_id[0x08] high edge lint[0x1])
[    0.000000] ACPI: LAPIC_NMI (acpi_id[0x09] high edge lint[0x1])
[    0.000000] ACPI: LAPIC_NMI (acpi_id[0x0a] high edge lint[0x1])
[    0.000000] ACPI: LAPIC_NMI (acpi_id[0x0b] high edge lint[0x1])
[    0.000000] ACPI: LAPIC_NMI (acpi_id[0x0c] high edge lint[0x1])
[    0.000000] ACPI: LAPIC_NMI (acpi_id[0x0d] high edge lint[0x1])
[    0.000000] ACPI: LAPIC_NMI (acpi_id[0x0e] high edge lint[0x1])
[    0.000000] ACPI: LAPIC_NMI (acpi_id[0x0f] high edge lint[0x1])
[    0.000000] ACPI: LAPIC_NMI (acpi_id[0x10] high edge lint[0x1])
[    0.000000] ACPI: LAPIC_NMI (acpi_id[0x11] high edge lint[0x1])
[    0.000000] ACPI: LAPIC_NMI (acpi_id[0x12] high edge lint[0x1])
[    0.000000] ACPI: LAPIC_NMI (acpi_id[0x13] high edge lint[0x1])
[    0.000000] ACPI: LAPIC_NMI (acpi_id[0x14] high edge lint[0x1])
[    0.000000] ACPI: LAPIC_NMI (acpi_id[0x15] high edge lint[0x1])
[    0.000000] ACPI: LAPIC_NMI (acpi_id[0x16] high edge lint[0x1])
[    0.000000] ACPI: LAPIC_NMI (acpi_id[0x17] high edge lint[0x1])
[    0.000000] ACPI: LAPIC_NMI (acpi_id[0x18] high edge lint[0x1])
[    0.000000] ACPI: LAPIC_NMI (acpi_id[0x19] high edge lint[0x1])
[    0.000000] ACPI: LAPIC_NMI (acpi_id[0x1a] high edge lint[0x1])
[    0.000000] ACPI: LAPIC_NMI (acpi_id[0x1b] high edge lint[0x1])
[    0.000000] ACPI: LAPIC_NMI (acpi_id[0x1c] high edge lint[0x1])
[    0.000000] ACPI: LAPIC_NMI (acpi_id[0x1d] high edge lint[0x1])
[    0.000000] ACPI: LAPIC_NMI (acpi_id[0x1e] high edge lint[0x1])
[    0.000000] ACPI: LAPIC_NMI (acpi_id[0x1f] high edge lint[0x1])
[    0.000000] ACPI: LAPIC_NMI (acpi_id[0x20] high edge lint[0x1])
[    0.000000] ACPI: LAPIC_NMI (acpi_id[0x21] high edge lint[0x1])
[    0.000000] ACPI: LAPIC_NMI (acpi_id[0x22] high edge lint[0x1])
[    0.000000] ACPI: LAPIC_NMI (acpi_id[0x23] high edge lint[0x1])
[    0.000000] ACPI: LAPIC_NMI (acpi_id[0x24] high edge lint[0x1])
[    0.000000] ACPI: LAPIC_NMI (acpi_id[0x25] high edge lint[0x1])
[    0.000000] ACPI: LAPIC_NMI (acpi_id[0x26] high edge lint[0x1])
[    0.000000] ACPI: LAPIC_NMI (acpi_id[0x27] high edge lint[0x1])
[    0.000000] ACPI: LAPIC_NMI (acpi_id[0x28] high edge lint[0x1])
[    0.000000] ACPI: LAPIC_NMI (acpi_id[0x29] high edge lint[0x1])
[    0.000000] ACPI: LAPIC_NMI (acpi_id[0x2a] high edge lint[0x1])
[    0.000000] ACPI: LAPIC_NMI (acpi_id[0x2b] high edge lint[0x1])
[    0.000000] ACPI: LAPIC_NMI (acpi_id[0x2c] high edge lint[0x1])
[    0.000000] ACPI: LAPIC_NMI (acpi_id[0x2d] high edge lint[0x1])
[    0.000000] ACPI: LAPIC_NMI (acpi_id[0x2e] high edge lint[0x1])
[    0.000000] ACPI: LAPIC_NMI (acpi_id[0x2f] high edge lint[0x1])
[    0.000000] ACPI: LAPIC_NMI (acpi_id[0x30] high edge lint[0x1])
[    0.000000] ACPI: LAPIC_NMI (acpi_id[0x31] high edge lint[0x1])
[    0.000000] ACPI: LAPIC_NMI (acpi_id[0x32] high edge lint[0x1])
[    0.000000] ACPI: LAPIC_NMI (acpi_id[0x33] high edge lint[0x1])
[    0.000000] ACPI: LAPIC_NMI (acpi_id[0x34] high edge lint[0x1])
[    0.000000] ACPI: LAPIC_NMI (acpi_id[0x35] high edge lint[0x1])
[    0.000000] ACPI: LAPIC_NMI (acpi_id[0x36] high edge lint[0x1])
[    0.000000] ACPI: LAPIC_NMI (acpi_id[0x37] high edge lint[0x1])
[    0.000000] ACPI: LAPIC_NMI (acpi_id[0x38] high edge lint[0x1])
[    0.000000] ACPI: LAPIC_NMI (acpi_id[0x39] high edge lint[0x1])
[    0.000000] ACPI: LAPIC_NMI (acpi_id[0x3a] high edge lint[0x1])
[    0.000000] ACPI: LAPIC_NMI (acpi_id[0x3b] high edge lint[0x1])
[    0.000000] ACPI: LAPIC_NMI (acpi_id[0x3c] high edge lint[0x1])
[    0.000000] ACPI: LAPIC_NMI (acpi_id[0x3d] high edge lint[0x1])
[    0.000000] ACPI: LAPIC_NMI (acpi_id[0x3e] high edge lint[0x1])
[    0.000000] ACPI: LAPIC_NMI (acpi_id[0x3f] high edge lint[0x1])
[    0.000000] ACPI: LAPIC_NMI (acpi_id[0x40] high edge lint[0x1])
[    0.000000] ACPI: LAPIC_NMI (acpi_id[0x41] high edge lint[0x1])
[    0.000000] ACPI: LAPIC_NMI (acpi_id[0x42] high edge lint[0x1])
[    0.000000] ACPI: LAPIC_NMI (acpi_id[0x43] high edge lint[0x1])
[    0.000000] ACPI: LAPIC_NMI (acpi_id[0x44] high edge lint[0x1])
[    0.000000] ACPI: LAPIC_NMI (acpi_id[0x45] high edge lint[0x1])
[    0.000000] ACPI: LAPIC_NMI (acpi_id[0x46] high edge lint[0x1])
[    0.000000] ACPI: LAPIC_NMI (acpi_id[0x47] high edge lint[0x1])
[    0.000000] ACPI: LAPIC_NMI (acpi_id[0x48] high edge lint[0x1])
[    0.000000] ACPI: LAPIC_NMI (acpi_id[0x49] high edge lint[0x1])
[    0.000000] ACPI: LAPIC_NMI (acpi_id[0x4a] high edge lint[0x1])
[    0.000000] ACPI: LAPIC_NMI (acpi_id[0x4b] high edge lint[0x1])
[    0.000000] ACPI: LAPIC_NMI (acpi_id[0x4c] high edge lint[0x1])
[    0.000000] ACPI: LAPIC_NMI (acpi_id[0x4d] high edge lint[0x1])
[    0.000000] ACPI: LAPIC_NMI (acpi_id[0x4e] high edge lint[0x1])
[    0.000000] ACPI: LAPIC_NMI (acpi_id[0x4f] high edge lint[0x1])
[    0.000000] ACPI: LAPIC_NMI (acpi_id[0x50] high edge lint[0x1])
[    0.000000] ACPI: LAPIC_NMI (acpi_id[0x51] high edge lint[0x1])
[    0.000000] ACPI: LAPIC_NMI (acpi_id[0x52] high edge lint[0x1])
[    0.000000] ACPI: LAPIC_NMI (acpi_id[0x53] high edge lint[0x1])
[    0.000000] ACPI: LAPIC_NMI (acpi_id[0x54] high edge lint[0x1])
[    0.000000] ACPI: LAPIC_NMI (acpi_id[0x55] high edge lint[0x1])
[    0.000000] ACPI: LAPIC_NMI (acpi_id[0x56] high edge lint[0x1])
[    0.000000] ACPI: LAPIC_NMI (acpi_id[0x57] high edge lint[0x1])
[    0.000000] ACPI: LAPIC_NMI (acpi_id[0x58] high edge lint[0x1])
[    0.000000] ACPI: LAPIC_NMI (acpi_id[0x59] high edge lint[0x1])
[    0.000000] ACPI: LAPIC_NMI (acpi_id[0x5a] high edge lint[0x1])
[    0.000000] ACPI: LAPIC_NMI (acpi_id[0x5b] high edge lint[0x1])
[    0.000000] ACPI: LAPIC_NMI (acpi_id[0x5c] high edge lint[0x1])
[    0.000000] ACPI: LAPIC_NMI (acpi_id[0x5d] high edge lint[0x1])
[    0.000000] ACPI: LAPIC_NMI (acpi_id[0x5e] high edge lint[0x1])
[    0.000000] ACPI: LAPIC_NMI (acpi_id[0x5f] high edge lint[0x1])
[    0.000000] ACPI: LAPIC_NMI (acpi_id[0x60] high edge lint[0x1])
[    0.000000] ACPI: LAPIC_NMI (acpi_id[0x61] high edge lint[0x1])
[    0.000000] ACPI: LAPIC_NMI (acpi_id[0x62] high edge lint[0x1])
[    0.000000] ACPI: LAPIC_NMI (acpi_id[0x63] high edge lint[0x1])
[    0.000000] ACPI: LAPIC_NMI (acpi_id[0x64] high edge lint[0x1])
[    0.000000] ACPI: LAPIC_NMI (acpi_id[0x65] high edge lint[0x1])
[    0.000000] ACPI: LAPIC_NMI (acpi_id[0x66] high edge lint[0x1])
[    0.000000] ACPI: LAPIC_NMI (acpi_id[0x67] high edge lint[0x1])
[    0.000000] ACPI: LAPIC_NMI (acpi_id[0x68] high edge lint[0x1])
[    0.000000] ACPI: LAPIC_NMI (acpi_id[0x69] high edge lint[0x1])
[    0.000000] ACPI: LAPIC_NMI (acpi_id[0x6a] high edge lint[0x1])
[    0.000000] ACPI: LAPIC_NMI (acpi_id[0x6b] high edge lint[0x1])
[    0.000000] ACPI: LAPIC_NMI (acpi_id[0x6c] high edge lint[0x1])
[    0.000000] ACPI: LAPIC_NMI (acpi_id[0x6d] high edge lint[0x1])
[    0.000000] ACPI: LAPIC_NMI (acpi_id[0x6e] high edge lint[0x1])
[    0.000000] ACPI: LAPIC_NMI (acpi_id[0x6f] high edge lint[0x1])
[    0.000000] ACPI: LAPIC_NMI (acpi_id[0x70] high edge lint[0x1])
[    0.000000] ACPI: LAPIC_NMI (acpi_id[0x71] high edge lint[0x1])
[    0.000000] ACPI: LAPIC_NMI (acpi_id[0x72] high edge lint[0x1])
[    0.000000] ACPI: LAPIC_NMI (acpi_id[0x73] high edge lint[0x1])
[    0.000000] ACPI: LAPIC_NMI (acpi_id[0x74] high edge lint[0x1])
[    0.000000] ACPI: LAPIC_NMI (acpi_id[0x75] high edge lint[0x1])
[    0.000000] ACPI: LAPIC_NMI (acpi_id[0x76] high edge lint[0x1])
[    0.000000] ACPI: LAPIC_NMI (acpi_id[0x77] high edge lint[0x1])
[    0.000000] ACPI: LAPIC_NMI (acpi_id[0x78] high edge lint[0x1])
[    0.000000] ACPI: LAPIC_NMI (acpi_id[0x79] high edge lint[0x1])
[    0.000000] ACPI: LAPIC_NMI (acpi_id[0x7a] high edge lint[0x1])
[    0.000000] ACPI: LAPIC_NMI (acpi_id[0x7b] high edge lint[0x1])
[    0.000000] ACPI: LAPIC_NMI (acpi_id[0x7c] high edge lint[0x1])
[    0.000000] ACPI: LAPIC_NMI (acpi_id[0x7d] high edge lint[0x1])
[    0.000000] ACPI: LAPIC_NMI (acpi_id[0x7e] high edge lint[0x1])
[    0.000000] ACPI: LAPIC_NMI (acpi_id[0x7f] high edge lint[0x1])
[    0.000000] IOAPIC[0]: apic_id 1, version 17, address 0xfec00000, GSI 0-23
[    0.000000] ACPI: INT_SRC_OVR (bus 0 bus_irq 0 global_irq 2 high edge)
[    0.000000] ACPI: IRQ0 used by override.
[    0.000000] ACPI: IRQ9 used by override.
[    0.000000] Using ACPI (MADT) for SMP configuration information
[    0.000000] ACPI: HPET id: 0x8086af01 base: 0xfed00000
[    0.000000] smpboot: Allowing 128 CPUs, 127 hotplug CPUs
[    0.000000] PM: Registered nosave memory: [mem 0x00000000-0x00000fff]
[    0.000000] PM: Registered nosave memory: [mem 0x0009e000-0x0009efff]
[    0.000000] PM: Registered nosave memory: [mem 0x0009f000-0x0009ffff]
[    0.000000] PM: Registered nosave memory: [mem 0x000a0000-0x000dbfff]
[    0.000000] PM: Registered nosave memory: [mem 0x000dc000-0x000fffff]
[    0.000000] PM: Registered nosave memory: [mem 0x3fee0000-0x3fefefff]
[    0.000000] PM: Registered nosave memory: [mem 0x3feff000-0x3fefffff]
[    0.000000] e820: [mem 0x40000000-0xefffffff] available for PCI devices
[    0.000000] Booting paravirtualized kernel on bare hardware
[    0.000000] clocksource: refined-jiffies: mask: 0xffffffff max_cycles: 0xffffffff, max_idle_ns: 7645519600211568 ns
[    0.000000] setup_percpu: NR_CPUS:256 nr_cpumask_bits:256 nr_cpu_ids:128 nr_node_ids:1
[    0.000000] percpu: Embedded 36 pages/cpu @ffff9aaa7c600000 s107544 r8192 d31720 u262144
[    0.000000] pcpu-alloc: s107544 r8192 d31720 u262144 alloc=1*2097152
[    0.000000] pcpu-alloc: [0] 000 001 002 003 004 005 006 007 
[    0.000000] pcpu-alloc: [0] 008 009 010 011 012 013 014 015 
[    0.000000] pcpu-alloc: [0] 016 017 018 019 020 021 022 023 
[    0.000000] pcpu-alloc: [0] 024 025 026 027 028 029 030 031 
[    0.000000] pcpu-alloc: [0] 032 033 034 035 036 037 038 039 
[    0.000000] pcpu-alloc: [0] 040 041 042 043 044 045 046 047 
[    0.000000] pcpu-alloc: [0] 048 049 050 051 052 053 054 055 
[    0.000000] pcpu-alloc: [0] 056 057 058 059 060 061 062 063 
[    0.000000] pcpu-alloc: [0] 064 065 066 067 068 069 070 071 
[    0.000000] pcpu-alloc: [0] 072 073 074 075 076 077 078 079 
[    0.000000] pcpu-alloc: [0] 080 081 082 083 084 085 086 087 
[    0.000000] pcpu-alloc: [0] 088 089 090 091 092 093 094 095 
[    0.000000] pcpu-alloc: [0] 096 097 098 099 100 101 102 103 
[    0.000000] pcpu-alloc: [0] 104 105 106 107 108 109 110 111 
[    0.000000] pcpu-alloc: [0] 112 113 114 115 116 117 118 119 
[    0.000000] pcpu-alloc: [0] 120 121 122 123 124 125 126 127 
[    0.000000] Built 1 zonelists in Node order, mobility grouping on.  Total pages: 257896
[    0.000000] Policy zone: DMA32
[    0.000000] Kernel command line: BOOT_IMAGE=/boot/vmlinuz-4.8.0-26-generic root=UUID=5fa164dd-8b8b-468f-9a53-8eb597654caa ro splash quiet
[    0.000000] log_buf_len individual max cpu contribution: 4096 bytes
[    0.000000] log_buf_len total cpu_extra contributions: 520192 bytes
[    0.000000] log_buf_len min size: 262144 bytes
[    0.000000] log_buf_len: 1048576 bytes
[    0.000000] early log buf free: 237120(90%)
[    0.000000] PID hash table entries: 4096 (order: 3, 32768 bytes)
[    0.000000] Calgary: detecting Calgary via BIOS EBDA area
[    0.000000] Calgary: Unable to locate Rio Grande table in EBDA - bailing!
[    0.000000] Memory: 952848K/1048052K available (8847K kernel code, 1427K rwdata, 3804K rodata, 1548K init, 1400K bss, 95204K reserved, 0K cma-reserved)
[    0.000000] SLUB: HWalign=64, Order=0-3, MinObjects=0, CPUs=128, Nodes=1
[    0.000000] Hierarchical RCU implementation.
[    0.000000] 	Build-time adjustment of leaf fanout to 64.
[    0.000000] 	RCU restricting CPUs from NR_CPUS=256 to nr_cpu_ids=128.
[    0.000000] RCU: Adjusting geometry for rcu_fanout_leaf=64, nr_cpu_ids=128
[    0.000000] NR_IRQS:16640 nr_irqs:1448 16
[    0.000000] Console: colour VGA+ 80x25
[    0.000000] console [tty0] enabled
[    0.000000] clocksource: hpet: mask: 0xffffffff max_cycles: 0xffffffff, max_idle_ns: 133484882848 ns
[    0.000000] hpet clockevent registered
[    0.000000] tsc: Fast TSC calibration using PIT
[    0.000000] TSC freq read from hypervisor : 4007.996 MHz
[    0.000000] tsc: Detected 4007.742 MHz processor
[    0.000120] Calibrating delay loop (skipped) preset value.. 8015.99 BogoMIPS (lpj=16031984)
[    0.000124] pid_max: default: 131072 minimum: 1024
[    0.000151] ACPI: Core revision 20160422
[    0.005675] ACPI: 1 ACPI AML tables successfully acquired and loaded

[    0.005732] Security Framework initialized
[    0.005733] Yama: becoming mindful.
[    0.005787] AppArmor: AppArmor initialized
[    0.005838] Dentry cache hash table entries: 131072 (order: 8, 1048576 bytes)
[    0.005963] Inode-cache hash table entries: 65536 (order: 7, 524288 bytes)
[    0.006026] Mount-cache hash table entries: 2048 (order: 2, 16384 bytes)
[    0.006035] Mountpoint-cache hash table entries: 2048 (order: 2, 16384 bytes)
[    0.006749] Disabled fast string operations
[    0.006751] CPU: Physical Processor ID: 0
[    0.006756] ENERGY_PERF_BIAS: Set to 'normal', was 'performance'
[    0.006756] ENERGY_PERF_BIAS: View and update with x86_energy_perf_policy(8)
[    0.006769] mce: CPU supports 0 MCE banks
[    0.006785] Last level iTLB entries: 4KB 64, 2MB 8, 4MB 8
[    0.006785] Last level dTLB entries: 4KB 64, 2MB 0, 4MB 0, 1GB 4
[    0.013736] ftrace: allocating 33403 entries in 131 pages
[    0.026171] smpboot: APIC(0) Converting physical 0 to logical package 0
[    0.026172] smpboot: Max logical packages: 128
[    0.026235] x2apic enabled
[    0.026297] Switched APIC routing to physical x2apic.
[    0.026540] ..TIMER: vector=0x30 apic1=0 pin1=2 apic2=-1 pin2=-1
[    0.066298] TSC deadline timer enabled
[    0.066328] smpboot: CPU0: Intel(R) Core(TM) i7-6700K CPU @ 4.00GHz (family: 0x6, model: 0x5e, stepping: 0x3)
[    0.066331] Performance Events: Skylake events, core PMU driver.
[    0.066373] core: CPUID marked event: 'cpu cycles' unavailable
[    0.066374] core: CPUID marked event: 'instructions' unavailable
[    0.066374] core: CPUID marked event: 'bus cycles' unavailable
[    0.066375] core: CPUID marked event: 'cache references' unavailable
[    0.066375] core: CPUID marked event: 'cache misses' unavailable
[    0.066375] core: CPUID marked event: 'branch instructions' unavailable
[    0.066376] core: CPUID marked event: 'branch misses' unavailable
[    0.066378] ... version:                1
[    0.066378] ... bit width:              48
[    0.066379] ... generic registers:      4
[    0.066380] ... value mask:             0000ffffffffffff
[    0.066380] ... max period:             000000007fffffff
[    0.066381] ... fixed-purpose events:   0
[    0.066381] ... event mask:             000000000000000f
[    0.074322] NMI watchdog: disabled (cpu0): hardware events not enabled
[    0.074323] NMI watchdog: Shutting down hard lockup detector on all cpus
[    0.075609] x86: Booted up 1 node, 1 CPUs
[    0.075611] smpboot: Total of 1 processors activated (8015.99 BogoMIPS)
[    0.076441] devtmpfs: initialized
[    0.076611] x86/mm: Memory block size: 128MB
[    0.077650] evm: security.selinux
[    0.077650] evm: security.SMACK64
[    0.077651] evm: security.SMACK64EXEC
[    0.077651] evm: security.SMACK64TRANSMUTE
[    0.077651] evm: security.SMACK64MMAP
[    0.077652] evm: security.ima
[    0.077652] evm: security.capability
[    0.077770] PM: Registering ACPI NVS region [mem 0x3feff000-0x3fefffff] (4096 bytes)
[    0.077843] clocksource: jiffies: mask: 0xffffffff max_cycles: 0xffffffff, max_idle_ns: 7645041785100000 ns
[    0.078021] pinctrl core: initialized pinctrl subsystem
[    0.078177] RTC time: 23:36:19, date: 04/13/17
[    0.078564] NET: Registered protocol family 16
[    0.078685] cpuidle: using governor ladder
[    0.078686] cpuidle: using governor menu
[    0.078687] PCCT header not found.
[    0.078700] Simple Boot Flag at 0x36 set to 0x80
[    0.078714] ACPI: bus type PCI registered
[    0.078716] acpiphp: ACPI Hot Plug PCI Controller Driver version: 0.5
[    0.079154] PCI: MMCONFIG for domain 0000 [bus 00-7f] at [mem 0xf0000000-0xf7ffffff] (base 0xf0000000)
[    0.079155] PCI: MMCONFIG at [mem 0xf0000000-0xf7ffffff] reserved in E820
[    0.079158] PCI: Using configuration type 1 for base access
[    0.080323] HugeTLB registered 1 GB page size, pre-allocated 0 pages
[    0.080324] HugeTLB registered 2 MB page size, pre-allocated 0 pages
[    0.081299] ACPI: Added _OSI(Module Device)
[    0.081300] ACPI: Added _OSI(Processor Device)
[    0.081300] ACPI: Added _OSI(3.0 _SCP Extensions)
[    0.081301] ACPI: Added _OSI(Processor Aggregator Device)
[    0.083575] ACPI: [Firmware Bug]: BIOS _OSI(Linux) query ignored
[    0.092405] ACPI: Interpreter enabled
[    0.092414] ACPI: (supports S0 S1 S4 S5)
[    0.092415] ACPI: Using IOAPIC for interrupt routing
[    0.092438] PCI: Using host bridge windows from ACPI; if necessary, use "pci=nocrs" and report a bug
[    0.135551] ACPI: PCI Root Bridge [PCI0] (domain 0000 [bus 00-7f])
[    0.135557] acpi PNP0A03:00: _OSC: OS supports [ExtendedConfig ASPM ClockPM Segments MSI]
[    0.135663] acpi PNP0A03:00: _OSC: platform does not support [AER]
[    0.135756] acpi PNP0A03:00: _OSC: OS now controls [PCIeHotplug PME PCIeCapability]
[    0.136803] PCI host bridge to bus 0000:00
[    0.136806] pci_bus 0000:00: root bus resource [mem 0x000a0000-0x000bffff window]
[    0.136807] pci_bus 0000:00: root bus resource [mem 0x000d0000-0x000d3fff window]
[    0.136807] pci_bus 0000:00: root bus resource [mem 0x000d4000-0x000d7fff window]
[    0.136808] pci_bus 0000:00: root bus resource [mem 0x000d8000-0x000dbfff window]
[    0.136809] pci_bus 0000:00: root bus resource [mem 0xc0000000-0xfebfffff window]
[    0.136809] pci_bus 0000:00: root bus resource [io  0x0000-0x0cf7 window]
[    0.136810] pci_bus 0000:00: root bus resource [io  0x0d00-0xfeff window]
[    0.136811] pci_bus 0000:00: root bus resource [bus 00-7f]
[    0.136846] pci 0000:00:00.0: [8086:7190] type 00 class 0x060000
[    0.137211] pci 0000:00:01.0: [8086:7191] type 01 class 0x060400
[    0.137524] pci 0000:00:07.0: [8086:7110] type 00 class 0x060100
[    0.137923] pci 0000:00:07.1: [8086:7111] type 00 class 0x01018a
[    0.138634] pci 0000:00:07.1: reg 0x20: [io  0x1060-0x106f]
[    0.138945] pci 0000:00:07.1: legacy IDE quirk: reg 0x10: [io  0x01f0-0x01f7]
[    0.138946] pci 0000:00:07.1: legacy IDE quirk: reg 0x14: [io  0x03f6]
[    0.138946] pci 0000:00:07.1: legacy IDE quirk: reg 0x18: [io  0x0170-0x0177]
[    0.138947] pci 0000:00:07.1: legacy IDE quirk: reg 0x1c: [io  0x0376]
[    0.139093] pci 0000:00:07.3: [8086:7113] type 00 class 0x068000
[    0.139939] pci 0000:00:07.3: quirk: [io  0x1000-0x103f] claimed by PIIX4 ACPI
[    0.139946] pci 0000:00:07.3: quirk: [io  0x1040-0x104f] claimed by PIIX4 SMB
[    0.140114] pci 0000:00:07.7: [15ad:0740] type 00 class 0x088000
[    0.140441] pci 0000:00:07.7: reg 0x10: [io  0x1080-0x10bf]
[    0.140742] pci 0000:00:07.7: reg 0x14: [mem 0xfebfe000-0xfebfffff 64bit]
[    0.142200] pci 0000:00:0f.0: [15ad:0405] type 00 class 0x030000
[    0.142776] pci 0000:00:0f.0: reg 0x10: [io  0x1070-0x107f]
[    0.143605] pci 0000:00:0f.0: reg 0x14: [mem 0xe8000000-0xefffffff pref]
[    0.144383] pci 0000:00:0f.0: reg 0x18: [mem 0xfe000000-0xfe7fffff]
[    0.147169] pci 0000:00:0f.0: reg 0x30: [mem 0x00000000-0x00007fff pref]
[    0.147426] pci 0000:00:10.0: [1000:0030] type 00 class 0x010000
[    0.147913] pci 0000:00:10.0: reg 0x10: [io  0x1400-0x14ff]
[    0.148352] pci 0000:00:10.0: reg 0x14: [mem 0xfeba0000-0xfebbffff 64bit]
[    0.148793] pci 0000:00:10.0: reg 0x1c: [mem 0xfebc0000-0xfebdffff 64bit]
[    0.149660] pci 0000:00:10.0: reg 0x30: [mem 0x00000000-0x00003fff pref]
[    0.150036] pci 0000:00:11.0: [15ad:0790] type 01 class 0x060401
[    0.150362] pci 0000:00:11.0: System wakeup disabled by ACPI
[    0.150450] pci 0000:00:15.0: [15ad:07a0] type 01 class 0x060400
[    0.150834] pci 0000:00:15.0: PME# supported from D0 D3hot D3cold
[    0.150934] pci 0000:00:15.0: System wakeup disabled by ACPI
[    0.151040] pci 0000:00:15.1: [15ad:07a0] type 01 class 0x060400
[    0.151462] pci 0000:00:15.1: PME# supported from D0 D3hot D3cold
[    0.151572] pci 0000:00:15.1: System wakeup disabled by ACPI
[    0.151697] pci 0000:00:15.2: [15ad:07a0] type 01 class 0x060400
[    0.152076] pci 0000:00:15.2: PME# supported from D0 D3hot D3cold
[    0.152174] pci 0000:00:15.2: System wakeup disabled by ACPI
[    0.152250] pci 0000:00:15.3: [15ad:07a0] type 01 class 0x060400
[    0.152624] pci 0000:00:15.3: PME# supported from D0 D3hot D3cold
[    0.152720] pci 0000:00:15.3: System wakeup disabled by ACPI
[    0.152820] pci 0000:00:15.4: [15ad:07a0] type 01 class 0x060400
[    0.153193] pci 0000:00:15.4: PME# supported from D0 D3hot D3cold
[    0.153310] pci 0000:00:15.4: System wakeup disabled by ACPI
[    0.153405] pci 0000:00:15.5: [15ad:07a0] type 01 class 0x060400
[    0.153779] pci 0000:00:15.5: PME# supported from D0 D3hot D3cold
[    0.153875] pci 0000:00:15.5: System wakeup disabled by ACPI
[    0.153945] pci 0000:00:15.6: [15ad:07a0] type 01 class 0x060400
[    0.154323] pci 0000:00:15.6: PME# supported from D0 D3hot D3cold
[    0.154451] pci 0000:00:15.6: System wakeup disabled by ACPI
[    0.154645] pci 0000:00:15.7: [15ad:07a0] type 01 class 0x060400
[    0.155023] pci 0000:00:15.7: PME# supported from D0 D3hot D3cold
[    0.155120] pci 0000:00:15.7: System wakeup disabled by ACPI
[    0.155219] pci 0000:00:16.0: [15ad:07a0] type 01 class 0x060400
[    0.155593] pci 0000:00:16.0: PME# supported from D0 D3hot D3cold
[    0.155695] pci 0000:00:16.0: System wakeup disabled by ACPI
[    0.155765] pci 0000:00:16.1: [15ad:07a0] type 01 class 0x060400
[    0.156138] pci 0000:00:16.1: PME# supported from D0 D3hot D3cold
[    0.156235] pci 0000:00:16.1: System wakeup disabled by ACPI
[    0.156333] pci 0000:00:16.2: [15ad:07a0] type 01 class 0x060400
[    0.156712] pci 0000:00:16.2: PME# supported from D0 D3hot D3cold
[    0.156808] pci 0000:00:16.2: System wakeup disabled by ACPI
[    0.156904] pci 0000:00:16.3: [15ad:07a0] type 01 class 0x060400
[    0.157282] pci 0000:00:16.3: PME# supported from D0 D3hot D3cold
[    0.157378] pci 0000:00:16.3: System wakeup disabled by ACPI
[    0.157447] pci 0000:00:16.4: [15ad:07a0] type 01 class 0x060400
[    0.157825] pci 0000:00:16.4: PME# supported from D0 D3hot D3cold
[    0.157920] pci 0000:00:16.4: System wakeup disabled by ACPI
[    0.158026] pci 0000:00:16.5: [15ad:07a0] type 01 class 0x060400
[    0.158073] pci 0000:00:16.5: PME# supported from D0 D3hot D3cold
[    0.158498] pci 0000:00:16.5: System wakeup disabled by ACPI
[    0.158595] pci 0000:00:16.6: [15ad:07a0] type 01 class 0x060400
[    0.158974] pci 0000:00:16.6: PME# supported from D0 D3hot D3cold
[    0.159069] pci 0000:00:16.6: System wakeup disabled by ACPI
[    0.159249] pci 0000:00:16.7: [15ad:07a0] type 01 class 0x060400
[    0.159624] pci 0000:00:16.7: PME# supported from D0 D3hot D3cold
[    0.159726] pci 0000:00:16.7: System wakeup disabled by ACPI
[    0.159823] pci 0000:00:17.0: [15ad:07a0] type 01 class 0x060400
[    0.160202] pci 0000:00:17.0: PME# supported from D0 D3hot D3cold
[    0.160299] pci 0000:00:17.0: System wakeup disabled by ACPI
[    0.160394] pci 0000:00:17.1: [15ad:07a0] type 01 class 0x060400
[    0.160773] pci 0000:00:17.1: PME# supported from D0 D3hot D3cold
[    0.160869] pci 0000:00:17.1: System wakeup disabled by ACPI
[    0.160938] pci 0000:00:17.2: [15ad:07a0] type 01 class 0x060400
[    0.161317] pci 0000:00:17.2: PME# supported from D0 D3hot D3cold
[    0.161413] pci 0000:00:17.2: System wakeup disabled by ACPI
[    0.161521] pci 0000:00:17.3: [15ad:07a0] type 01 class 0x060400
[    0.161901] pci 0000:00:17.3: PME# supported from D0 D3hot D3cold
[    0.161997] pci 0000:00:17.3: System wakeup disabled by ACPI
[    0.162108] pci 0000:00:17.4: [15ad:07a0] type 01 class 0x060400
[    0.162503] pci 0000:00:17.4: PME# supported from D0 D3hot D3cold
[    0.162599] pci 0000:00:17.4: System wakeup disabled by ACPI
[    0.162669] pci 0000:00:17.5: [15ad:07a0] type 01 class 0x060400
[    0.163043] pci 0000:00:17.5: PME# supported from D0 D3hot D3cold
[    0.163139] pci 0000:00:17.5: System wakeup disabled by ACPI
[    0.163237] pci 0000:00:17.6: [15ad:07a0] type 01 class 0x060400
[    0.163610] pci 0000:00:17.6: PME# supported from D0 D3hot D3cold
[    0.163713] pci 0000:00:17.6: System wakeup disabled by ACPI
[    0.163914] pci 0000:00:17.7: [15ad:07a0] type 01 class 0x060400
[    0.164293] pci 0000:00:17.7: PME# supported from D0 D3hot D3cold
[    0.164389] pci 0000:00:17.7: System wakeup disabled by ACPI
[    0.164459] pci 0000:00:18.0: [15ad:07a0] type 01 class 0x060400
[    0.164836] pci 0000:00:18.0: PME# supported from D0 D3hot D3cold
[    0.164932] pci 0000:00:18.0: System wakeup disabled by ACPI
[    0.165027] pci 0000:00:18.1: [15ad:07a0] type 01 class 0x060400
[    0.165405] pci 0000:00:18.1: PME# supported from D0 D3hot D3cold
[    0.165501] pci 0000:00:18.1: System wakeup disabled by ACPI
[    0.165596] pci 0000:00:18.2: [15ad:07a0] type 01 class 0x060400
[    0.165976] pci 0000:00:18.2: PME# supported from D0 D3hot D3cold
[    0.166071] pci 0000:00:18.2: System wakeup disabled by ACPI
[    0.166141] pci 0000:00:18.3: [15ad:07a0] type 01 class 0x060400
[    0.166521] pci 0000:00:18.3: PME# supported from D0 D3hot D3cold
[    0.166617] pci 0000:00:18.3: System wakeup disabled by ACPI
[    0.166718] pci 0000:00:18.4: [15ad:07a0] type 01 class 0x060400
[    0.167092] pci 0000:00:18.4: PME# supported from D0 D3hot D3cold
[    0.167188] pci 0000:00:18.4: System wakeup disabled by ACPI
[    0.167308] pci 0000:00:18.5: [15ad:07a0] type 01 class 0x060400
[    0.167683] pci 0000:00:18.5: PME# supported from D0 D3hot D3cold
[    0.167820] pci 0000:00:18.5: System wakeup disabled by ACPI
[    0.167892] pci 0000:00:18.6: [15ad:07a0] type 01 class 0x060400
[    0.168269] pci 0000:00:18.6: PME# supported from D0 D3hot D3cold
[    0.168366] pci 0000:00:18.6: System wakeup disabled by ACPI
[    0.168582] pci 0000:00:18.7: [15ad:07a0] type 01 class 0x060400
[    0.168960] pci 0000:00:18.7: PME# supported from D0 D3hot D3cold
[    0.169059] pci 0000:00:18.7: System wakeup disabled by ACPI
[    0.169376] pci 0000:00:01.0: PCI bridge to [bus 01]
[    0.169663] acpiphp: Slot [32] registered
[    0.169700] acpiphp: Slot [33] registered
[    0.169715] acpiphp: Slot [34] registered
[    0.169728] acpiphp: Slot [35] registered
[    0.169755] acpiphp: Slot [36] registered
[    0.169767] acpiphp: Slot [37] registered
[    0.169807] acpiphp: Slot [38] registered
[    0.169819] acpiphp: Slot [39] registered
[    0.169831] acpiphp: Slot [40] registered
[    0.169842] acpiphp: Slot [41] registered
[    0.169854] acpiphp: Slot [42] registered
[    0.169865] acpiphp: Slot [43] registered
[    0.169877] acpiphp: Slot [44] registered
[    0.169888] acpiphp: Slot [45] registered
[    0.169900] acpiphp: Slot [46] registered
[    0.169911] acpiphp: Slot [47] registered
[    0.169923] acpiphp: Slot [48] registered
[    0.169934] acpiphp: Slot [49] registered
[    0.169946] acpiphp: Slot [50] registered
[    0.169957] acpiphp: Slot [51] registered
[    0.169993] acpiphp: Slot [52] registered
[    0.170004] acpiphp: Slot [53] registered
[    0.170016] acpiphp: Slot [54] registered
[    0.170027] acpiphp: Slot [55] registered
[    0.170039] acpiphp: Slot [56] registered
[    0.170050] acpiphp: Slot [57] registered
[    0.170061] acpiphp: Slot [58] registered
[    0.170073] acpiphp: Slot [59] registered
[    0.170084] acpiphp: Slot [60] registered
[    0.170095] acpiphp: Slot [61] registered
[    0.170107] acpiphp: Slot [62] registered
[    0.170118] acpiphp: Slot [63] registered
[    0.170159] pci 0000:02:00.0: [15ad:0774] type 00 class 0x0c0300
[    0.170790] pci 0000:02:00.0: reg 0x20: [io  0x2080-0x209f]
[    0.171233] pci 0000:02:00.0: System wakeup disabled by ACPI
[    0.171321] pci 0000:02:01.0: [8086:100f] type 00 class 0x020000
[    0.171828] pci 0000:02:01.0: reg 0x10: [mem 0xfd5c0000-0xfd5dffff 64bit]
[    0.172273] pci 0000:02:01.0: reg 0x18: [mem 0xfdff0000-0xfdffffff 64bit]
[    0.172686] pci 0000:02:01.0: reg 0x20: [io  0x2000-0x203f]
[    0.173512] pci 0000:02:01.0: reg 0x30: [mem 0x00000000-0x0000ffff pref]
[    0.173746] pci 0000:02:01.0: System wakeup disabled by ACPI
[    0.173850] pci 0000:02:02.0: [1274:1371] type 00 class 0x040100
[    0.174021] pci 0000:02:02.0: reg 0x10: [io  0x2040-0x207f]
[    0.175033] pci 0000:02:02.0: System wakeup disabled by ACPI
[    0.175086] pci 0000:02:03.0: [15ad:0770] type 00 class 0x0c0320
[    0.175317] pci 0000:02:03.0: reg 0x10: [mem 0xfd5ef000-0xfd5effff]
[    0.176667] pci 0000:02:03.0: System wakeup disabled by ACPI
[    0.176777] pci 0000:02:05.0: [15ad:07e0] type 00 class 0x010601
[    0.177960] pci 0000:02:05.0: reg 0x24: [mem 0xfd5ee000-0xfd5eefff]
[    0.178148] pci 0000:02:05.0: reg 0x30: [mem 0x00000000-0x0000ffff pref]
[    0.178373] pci 0000:02:05.0: PME# supported from D3hot
[    0.178379] pci 0000:02:05.0: System wakeup disabled by ACPI
[    0.178588] pci 0000:00:11.0: PCI bridge to [bus 02] (subtractive decode)
[    0.178606] pci 0000:00:11.0:   bridge window [io  0x2000-0x3fff]
[    0.178618] pci 0000:00:11.0:   bridge window [mem 0xfd500000-0xfdffffff]
[    0.178640] pci 0000:00:11.0:   bridge window [mem 0xe7b00000-0xe7ffffff 64bit pref]
[    0.178641] pci 0000:00:11.0:   bridge window [mem 0x000a0000-0x000bffff window] (subtractive decode)
[    0.178642] pci 0000:00:11.0:   bridge window [mem 0x000d0000-0x000d3fff window] (subtractive decode)
[    0.178642] pci 0000:00:11.0:   bridge window [mem 0x000d4000-0x000d7fff window] (subtractive decode)
[    0.178658] pci 0000:00:11.0:   bridge window [mem 0x000d8000-0x000dbfff window] (subtractive decode)
[    0.178658] pci 0000:00:11.0:   bridge window [mem 0xc0000000-0xfebfffff window] (subtractive decode)
[    0.178659] pci 0000:00:11.0:   bridge window [io  0x0000-0x0cf7 window] (subtractive decode)
[    0.178660] pci 0000:00:11.0:   bridge window [io  0x0d00-0xfeff window] (subtractive decode)
[    0.178861] pci 0000:00:15.0: PCI bridge to [bus 03]
[    0.178873] pci 0000:00:15.0:   bridge window [io  0x4000-0x4fff]
[    0.178885] pci 0000:00:15.0:   bridge window [mem 0xfd400000-0xfd4fffff]
[    0.178907] pci 0000:00:15.0:   bridge window [mem 0xe7a00000-0xe7afffff 64bit pref]
[    0.179088] pci 0000:00:15.1: PCI bridge to [bus 04]
[    0.179106] pci 0000:00:15.1:   bridge window [io  0x8000-0x8fff]
[    0.179120] pci 0000:00:15.1:   bridge window [mem 0xfd000000-0xfd0fffff]
[    0.179142] pci 0000:00:15.1:   bridge window [mem 0xe7600000-0xe76fffff 64bit pref]
[    0.179348] pci 0000:00:15.2: PCI bridge to [bus 05]
[    0.179359] pci 0000:00:15.2:   bridge window [io  0xc000-0xcfff]
[    0.179371] pci 0000:00:15.2:   bridge window [mem 0xfcc00000-0xfccfffff]
[    0.179393] pci 0000:00:15.2:   bridge window [mem 0xe7200000-0xe72fffff 64bit pref]
[    0.179571] pci 0000:00:15.3: PCI bridge to [bus 06]
[    0.179593] pci 0000:00:15.3:   bridge window [mem 0xfc800000-0xfc8fffff]
[    0.179617] pci 0000:00:15.3:   bridge window [mem 0xe6e00000-0xe6efffff 64bit pref]
[    0.179821] pci 0000:00:15.4: PCI bridge to [bus 07]
[    0.179843] pci 0000:00:15.4:   bridge window [mem 0xfc400000-0xfc4fffff]
[    0.179866] pci 0000:00:15.4:   bridge window [mem 0xe6a00000-0xe6afffff 64bit pref]
[    0.180085] pci 0000:00:15.5: PCI bridge to [bus 08]
[    0.180108] pci 0000:00:15.5:   bridge window [mem 0xfc000000-0xfc0fffff]
[    0.180136] pci 0000:00:15.5:   bridge window [mem 0xe6600000-0xe66fffff 64bit pref]
[    0.180319] pci 0000:00:15.6: PCI bridge to [bus 09]
[    0.180341] pci 0000:00:15.6:   bridge window [mem 0xfbc00000-0xfbcfffff]
[    0.180363] pci 0000:00:15.6:   bridge window [mem 0xe6200000-0xe62fffff 64bit pref]
[    0.180570] pci 0000:00:15.7: PCI bridge to [bus 0a]
[    0.180592] pci 0000:00:15.7:   bridge window [mem 0xfb800000-0xfb8fffff]
[    0.180615] pci 0000:00:15.7:   bridge window [mem 0xe5e00000-0xe5efffff 64bit pref]
[    0.180864] pci 0000:00:16.0: PCI bridge to [bus 0b]
[    0.180876] pci 0000:00:16.0:   bridge window [io  0x5000-0x5fff]
[    0.180887] pci 0000:00:16.0:   bridge window [mem 0xfd300000-0xfd3fffff]
[    0.180910] pci 0000:00:16.0:   bridge window [mem 0xe7900000-0xe79fffff 64bit pref]
[    0.181089] pci 0000:00:16.1: PCI bridge to [bus 0c]
[    0.181100] pci 0000:00:16.1:   bridge window [io  0x9000-0x9fff]
[    0.181117] pci 0000:00:16.1:   bridge window [mem 0xfcf00000-0xfcffffff]
[    0.181139] pci 0000:00:16.1:   bridge window [mem 0xe7500000-0xe75fffff 64bit pref]
[    0.181315] pci 0000:00:16.2: PCI bridge to [bus 0d]
[    0.181326] pci 0000:00:16.2:   bridge window [io  0xd000-0xdfff]
[    0.181338] pci 0000:00:16.2:   bridge window [mem 0xfcb00000-0xfcbfffff]
[    0.181360] pci 0000:00:16.2:   bridge window [mem 0xe7100000-0xe71fffff 64bit pref]
[    0.181561] pci 0000:00:16.3: PCI bridge to [bus 0e]
[    0.181583] pci 0000:00:16.3:   bridge window [mem 0xfc700000-0xfc7fffff]
[    0.181605] pci 0000:00:16.3:   bridge window [mem 0xe6d00000-0xe6dfffff 64bit pref]
[    0.181898] pci 0000:00:16.4: PCI bridge to [bus 0f]
[    0.181920] pci 0000:00:16.4:   bridge window [mem 0xfc300000-0xfc3fffff]
[    0.181943] pci 0000:00:16.4:   bridge window [mem 0xe6900000-0xe69fffff 64bit pref]
[    0.182120] pci 0000:00:16.5: PCI bridge to [bus 10]
[    0.182142] pci 0000:00:16.5:   bridge window [mem 0xfbf00000-0xfbffffff]
[    0.182164] pci 0000:00:16.5:   bridge window [mem 0xe6500000-0xe65fffff 64bit pref]
[    0.182368] pci 0000:00:16.6: PCI bridge to [bus 11]
[    0.182390] pci 0000:00:16.6:   bridge window [mem 0xfbb00000-0xfbbfffff]
[    0.182412] pci 0000:00:16.6:   bridge window [mem 0xe6100000-0xe61fffff 64bit pref]
[    0.182594] pci 0000:00:16.7: PCI bridge to [bus 12]
[    0.182619] pci 0000:00:16.7:   bridge window [mem 0xfb700000-0xfb7fffff]
[    0.182641] pci 0000:00:16.7:   bridge window [mem 0xe5d00000-0xe5dfffff 64bit pref]
[    0.182818] pci 0000:00:17.0: PCI bridge to [bus 13]
[    0.182830] pci 0000:00:17.0:   bridge window [io  0x6000-0x6fff]
[    0.182841] pci 0000:00:17.0:   bridge window [mem 0xfd200000-0xfd2fffff]
[    0.182864] pci 0000:00:17.0:   bridge window [mem 0xe7800000-0xe78fffff 64bit pref]
[    0.183069] pci 0000:00:17.1: PCI bridge to [bus 14]
[    0.183080] pci 0000:00:17.1:   bridge window [io  0xa000-0xafff]
[    0.183092] pci 0000:00:17.1:   bridge window [mem 0xfce00000-0xfcefffff]
[    0.183120] pci 0000:00:17.1:   bridge window [mem 0xe7400000-0xe74fffff 64bit pref]
[    0.183312] pci 0000:00:17.2: PCI bridge to [bus 15]
[    0.183324] pci 0000:00:17.2:   bridge window [io  0xe000-0xefff]
[    0.183335] pci 0000:00:17.2:   bridge window [mem 0xfca00000-0xfcafffff]
[    0.183357] pci 0000:00:17.2:   bridge window [mem 0xe7000000-0xe70fffff 64bit pref]
[    0.183533] pci 0000:00:17.3: PCI bridge to [bus 16]
[    0.183556] pci 0000:00:17.3:   bridge window [mem 0xfc600000-0xfc6fffff]
[    0.183578] pci 0000:00:17.3:   bridge window [mem 0xe6c00000-0xe6cfffff 64bit pref]
[    0.183783] pci 0000:00:17.4: PCI bridge to [bus 17]
[    0.183805] pci 0000:00:17.4:   bridge window [mem 0xfc200000-0xfc2fffff]
[    0.183828] pci 0000:00:17.4:   bridge window [mem 0xe6800000-0xe68fffff 64bit pref]
[    0.184005] pci 0000:00:17.5: PCI bridge to [bus 18]
[    0.184028] pci 0000:00:17.5:   bridge window [mem 0xfbe00000-0xfbefffff]
[    0.184050] pci 0000:00:17.5:   bridge window [mem 0xe6400000-0xe64fffff 64bit pref]
[    0.184229] pci 0000:00:17.6: PCI bridge to [bus 19]
[    0.184251] pci 0000:00:17.6:   bridge window [mem 0xfba00000-0xfbafffff]
[    0.184273] pci 0000:00:17.6:   bridge window [mem 0xe6000000-0xe60fffff 64bit pref]
[    0.184486] pci 0000:00:17.7: PCI bridge to [bus 1a]
[    0.184508] pci 0000:00:17.7:   bridge window [mem 0xfb600000-0xfb6fffff]
[    0.184531] pci 0000:00:17.7:   bridge window [mem 0xe5c00000-0xe5cfffff 64bit pref]
[    0.184722] pci 0000:00:18.0: PCI bridge to [bus 1b]
[    0.184734] pci 0000:00:18.0:   bridge window [io  0x7000-0x7fff]
[    0.184746] pci 0000:00:18.0:   bridge window [mem 0xfd100000-0xfd1fffff]
[    0.184768] pci 0000:00:18.0:   bridge window [mem 0xe7700000-0xe77fffff 64bit pref]
[    0.184969] pci 0000:00:18.1: PCI bridge to [bus 1c]
[    0.184981] pci 0000:00:18.1:   bridge window [io  0xb000-0xbfff]
[    0.184992] pci 0000:00:18.1:   bridge window [mem 0xfcd00000-0xfcdfffff]
[    0.185014] pci 0000:00:18.1:   bridge window [mem 0xe7300000-0xe73fffff 64bit pref]
[    0.185243] pci 0000:00:18.2: PCI bridge to [bus 1d]
[    0.185266] pci 0000:00:18.2:   bridge window [mem 0xfc900000-0xfc9fffff]
[    0.185288] pci 0000:00:18.2:   bridge window [mem 0xe6f00000-0xe6ffffff 64bit pref]
[    0.185467] pci 0000:00:18.3: PCI bridge to [bus 1e]
[    0.185489] pci 0000:00:18.3:   bridge window [mem 0xfc500000-0xfc5fffff]
[    0.185512] pci 0000:00:18.3:   bridge window [mem 0xe6b00000-0xe6bfffff 64bit pref]
[    0.185804] pci 0000:00:18.4: PCI bridge to [bus 1f]
[    0.185827] pci 0000:00:18.4:   bridge window [mem 0xfc100000-0xfc1fffff]
[    0.185849] pci 0000:00:18.4:   bridge window [mem 0xe6700000-0xe67fffff 64bit pref]
[    0.186100] pci 0000:00:18.5: PCI bridge to [bus 20]
[    0.186123] pci 0000:00:18.5:   bridge window [mem 0xfbd00000-0xfbdfffff]
[    0.186145] pci 0000:00:18.5:   bridge window [mem 0xe6300000-0xe63fffff 64bit pref]
[    0.186327] pci 0000:00:18.6: PCI bridge to [bus 21]
[    0.186349] pci 0000:00:18.6:   bridge window [mem 0xfb900000-0xfb9fffff]
[    0.186372] pci 0000:00:18.6:   bridge window [mem 0xe5f00000-0xe5ffffff 64bit pref]
[    0.186552] pci 0000:00:18.7: PCI bridge to [bus 22]
[    0.186574] pci 0000:00:18.7:   bridge window [mem 0xfb500000-0xfb5fffff]
[    0.186596] pci 0000:00:18.7:   bridge window [mem 0xe5b00000-0xe5bfffff 64bit pref]
[    0.187952] ACPI: PCI Interrupt Link [LNKA] (IRQs 3 4 5 6 7 *9 10 11 14 15)
[    0.187995] ACPI: PCI Interrupt Link [LNKB] (IRQs 3 4 5 6 7 9 10 *11 14 15)
[    0.188036] ACPI: PCI Interrupt Link [LNKC] (IRQs 3 4 5 6 7 9 *10 11 14 15)
[    0.188076] ACPI: PCI Interrupt Link [LNKD] (IRQs 3 4 5 6 *7 9 10 11 14 15)
[    0.194376] ACPI: Enabled 2 GPEs in block 00 to 0F
[    0.194648] SCSI subsystem initialized
[    0.194825] libata version 3.00 loaded.
[    0.194856] vgaarb: setting as boot device: PCI:0000:00:0f.0
[    0.194857] vgaarb: device added: PCI:0000:00:0f.0,decodes=io+mem,owns=io+mem,locks=none
[    0.194862] vgaarb: loaded
[    0.194863] vgaarb: bridge control possible 0000:00:0f.0
[    0.194913] ACPI: bus type USB registered
[    0.194922] usbcore: registered new interface driver usbfs
[    0.194926] usbcore: registered new interface driver hub
[    0.194942] usbcore: registered new device driver usb
[    0.195169] PCI: Using ACPI for IRQ routing
[    0.210679] PCI: pci_cache_line_size set to 64 bytes
[    0.211199] e820: reserve RAM buffer [mem 0x0009e800-0x0009ffff]
[    0.211201] e820: reserve RAM buffer [mem 0x3fee0000-0x3fffffff]
[    0.211369] NetLabel: Initializing
[    0.211370] NetLabel:  domain hash size = 128
[    0.211370] NetLabel:  protocols = UNLABELED CIPSOv4
[    0.211492] NetLabel:  unlabeled traffic allowed by default
[    0.211646] hpet0: at MMIO 0xfed00000, IRQs 2, 8, 0, 0, 0, 0, 0, 0, 0, 0, 0, 0, 0, 0, 0, 0
[    0.211649] hpet0: 16 comparators, 64-bit 14.318180 MHz counter
[    0.213694] clocksource: Switched to clocksource hpet
[    0.241220] VFS: Disk quotas dquot_6.6.0
[    0.241265] VFS: Dquot-cache hash table entries: 512 (order 0, 4096 bytes)
[    0.241803] AppArmor: AppArmor Filesystem Enabled
[    0.241842] pnp: PnP ACPI init
[    0.242008] system 00:00: [io  0x1000-0x103f] has been reserved
[    0.242009] system 00:00: [io  0x1040-0x104f] has been reserved
[    0.242010] system 00:00: [io  0x0cf0-0x0cf1] has been reserved
[    0.242012] system 00:00: Plug and Play ACPI device, IDs PNP0c02 (active)
[    0.242029] pnp 00:01: Plug and Play ACPI device, IDs PNP0b00 (active)
[    0.242039] pnp 00:02: Plug and Play ACPI device, IDs PNP0303 (active)
[    0.242077] pnp 00:03: Plug and Play ACPI device, IDs VMW0003 PNP0f13 (active)
[    0.242289] system 00:04: [mem 0xfed00000-0xfed003ff] has been reserved
[    0.242291] system 00:04: Plug and Play ACPI device, IDs PNP0103 PNP0c01 (active)
[    0.243073] pnp 00:05: Plug and Play ACPI device, IDs PNP0501 (active)
[    0.243324] system 00:06: [io  0xfce0-0xfcff] has been reserved
[    0.243327] system 00:06: [mem 0xf0000000-0xf7ffffff] has been reserved
[    0.243328] system 00:06: [mem 0xfe800000-0xfe9fffff] has been reserved
[    0.243330] system 00:06: Plug and Play ACPI device, IDs PNP0c02 (active)
[    0.246124] pnp: PnP ACPI: found 7 devices
[    0.252340] clocksource: acpi_pm: mask: 0xffffff max_cycles: 0xffffff, max_idle_ns: 2085701024 ns
[    0.252541] pci 0000:00:15.3: bridge window [io  0x1000-0x0fff] to [bus 06] add_size 1000
[    0.252575] pci 0000:00:15.4: bridge window [io  0x1000-0x0fff] to [bus 07] add_size 1000
[    0.252608] pci 0000:00:15.5: bridge window [io  0x1000-0x0fff] to [bus 08] add_size 1000
[    0.252642] pci 0000:00:15.6: bridge window [io  0x1000-0x0fff] to [bus 09] add_size 1000
[    0.252676] pci 0000:00:15.7: bridge window [io  0x1000-0x0fff] to [bus 0a] add_size 1000
[    0.252813] pci 0000:00:16.3: bridge window [io  0x1000-0x0fff] to [bus 0e] add_size 1000
[    0.252846] pci 0000:00:16.4: bridge window [io  0x1000-0x0fff] to [bus 0f] add_size 1000
[    0.252879] pci 0000:00:16.5: bridge window [io  0x1000-0x0fff] to [bus 10] add_size 1000
[    0.252913] pci 0000:00:16.6: bridge window [io  0x1000-0x0fff] to [bus 11] add_size 1000
[    0.252947] pci 0000:00:16.7: bridge window [io  0x1000-0x0fff] to [bus 12] add_size 1000
[    0.253078] pci 0000:00:17.3: bridge window [io  0x1000-0x0fff] to [bus 16] add_size 1000
[    0.253112] pci 0000:00:17.4: bridge window [io  0x1000-0x0fff] to [bus 17] add_size 1000
[    0.253146] pci 0000:00:17.5: bridge window [io  0x1000-0x0fff] to [bus 18] add_size 1000
[    0.253180] pci 0000:00:17.6: bridge window [io  0x1000-0x0fff] to [bus 19] add_size 1000
[    0.253215] pci 0000:00:17.7: bridge window [io  0x1000-0x0fff] to [bus 1a] add_size 1000
[    0.253314] pci 0000:00:18.2: bridge window [io  0x1000-0x0fff] to [bus 1d] add_size 1000
[    0.253347] pci 0000:00:18.3: bridge window [io  0x1000-0x0fff] to [bus 1e] add_size 1000
[    0.253381] pci 0000:00:18.4: bridge window [io  0x1000-0x0fff] to [bus 1f] add_size 1000
[    0.253414] pci 0000:00:18.5: bridge window [io  0x1000-0x0fff] to [bus 20] add_size 1000
[    0.253448] pci 0000:00:18.6: bridge window [io  0x1000-0x0fff] to [bus 21] add_size 1000
[    0.253511] pci 0000:00:18.7: bridge window [io  0x1000-0x0fff] to [bus 22] add_size 1000
[    0.253534] pci 0000:00:15.3: res[13]=[io  0x1000-0x0fff] res_to_dev_res add_size 1000 min_align 1000
[    0.253535] pci 0000:00:15.3: res[13]=[io  0x1000-0x1fff] res_to_dev_res add_size 1000 min_align 1000
[    0.253535] pci 0000:00:15.4: res[13]=[io  0x1000-0x0fff] res_to_dev_res add_size 1000 min_align 1000
[    0.253536] pci 0000:00:15.4: res[13]=[io  0x1000-0x1fff] res_to_dev_res add_size 1000 min_align 1000
[    0.253537] pci 0000:00:15.5: res[13]=[io  0x1000-0x0fff] res_to_dev_res add_size 1000 min_align 1000
[    0.253538] pci 0000:00:15.5: res[13]=[io  0x1000-0x1fff] res_to_dev_res add_size 1000 min_align 1000
[    0.253539] pci 0000:00:15.6: res[13]=[io  0x1000-0x0fff] res_to_dev_res add_size 1000 min_align 1000
[    0.253539] pci 0000:00:15.6: res[13]=[io  0x1000-0x1fff] res_to_dev_res add_size 1000 min_align 1000
[    0.253540] pci 0000:00:15.7: res[13]=[io  0x1000-0x0fff] res_to_dev_res add_size 1000 min_align 1000
[    0.253541] pci 0000:00:15.7: res[13]=[io  0x1000-0x1fff] res_to_dev_res add_size 1000 min_align 1000
[    0.253542] pci 0000:00:16.3: res[13]=[io  0x1000-0x0fff] res_to_dev_res add_size 1000 min_align 1000
[    0.253542] pci 0000:00:16.3: res[13]=[io  0x1000-0x1fff] res_to_dev_res add_size 1000 min_align 1000
[    0.253543] pci 0000:00:16.4: res[13]=[io  0x1000-0x0fff] res_to_dev_res add_size 1000 min_align 1000
[    0.253544] pci 0000:00:16.4: res[13]=[io  0x1000-0x1fff] res_to_dev_res add_size 1000 min_align 1000
[    0.253545] pci 0000:00:16.5: res[13]=[io  0x1000-0x0fff] res_to_dev_res add_size 1000 min_align 1000
[    0.253545] pci 0000:00:16.5: res[13]=[io  0x1000-0x1fff] res_to_dev_res add_size 1000 min_align 1000
[    0.253546] pci 0000:00:16.6: res[13]=[io  0x1000-0x0fff] res_to_dev_res add_size 1000 min_align 1000
[    0.253547] pci 0000:00:16.6: res[13]=[io  0x1000-0x1fff] res_to_dev_res add_size 1000 min_align 1000
[    0.253548] pci 0000:00:16.7: res[13]=[io  0x1000-0x0fff] res_to_dev_res add_size 1000 min_align 1000
[    0.253548] pci 0000:00:16.7: res[13]=[io  0x1000-0x1fff] res_to_dev_res add_size 1000 min_align 1000
[    0.253549] pci 0000:00:17.3: res[13]=[io  0x1000-0x0fff] res_to_dev_res add_size 1000 min_align 1000
[    0.253550] pci 0000:00:17.3: res[13]=[io  0x1000-0x1fff] res_to_dev_res add_size 1000 min_align 1000
[    0.253551] pci 0000:00:17.4: res[13]=[io  0x1000-0x0fff] res_to_dev_res add_size 1000 min_align 1000
[    0.253551] pci 0000:00:17.4: res[13]=[io  0x1000-0x1fff] res_to_dev_res add_size 1000 min_align 1000
[    0.253552] pci 0000:00:17.5: res[13]=[io  0x1000-0x0fff] res_to_dev_res add_size 1000 min_align 1000
[    0.253553] pci 0000:00:17.5: res[13]=[io  0x1000-0x1fff] res_to_dev_res add_size 1000 min_align 1000
[    0.253554] pci 0000:00:17.6: res[13]=[io  0x1000-0x0fff] res_to_dev_res add_size 1000 min_align 1000
[    0.253554] pci 0000:00:17.6: res[13]=[io  0x1000-0x1fff] res_to_dev_res add_size 1000 min_align 1000
[    0.253555] pci 0000:00:17.7: res[13]=[io  0x1000-0x0fff] res_to_dev_res add_size 1000 min_align 1000
[    0.253556] pci 0000:00:17.7: res[13]=[io  0x1000-0x1fff] res_to_dev_res add_size 1000 min_align 1000
[    0.253557] pci 0000:00:18.2: res[13]=[io  0x1000-0x0fff] res_to_dev_res add_size 1000 min_align 1000
[    0.253557] pci 0000:00:18.2: res[13]=[io  0x1000-0x1fff] res_to_dev_res add_size 1000 min_align 1000
[    0.253558] pci 0000:00:18.3: res[13]=[io  0x1000-0x0fff] res_to_dev_res add_size 1000 min_align 1000
[    0.253559] pci 0000:00:18.3: res[13]=[io  0x1000-0x1fff] res_to_dev_res add_size 1000 min_align 1000
[    0.253560] pci 0000:00:18.4: res[13]=[io  0x1000-0x0fff] res_to_dev_res add_size 1000 min_align 1000
[    0.253560] pci 0000:00:18.4: res[13]=[io  0x1000-0x1fff] res_to_dev_res add_size 1000 min_align 1000
[    0.253561] pci 0000:00:18.5: res[13]=[io  0x1000-0x0fff] res_to_dev_res add_size 1000 min_align 1000
[    0.253562] pci 0000:00:18.5: res[13]=[io  0x1000-0x1fff] res_to_dev_res add_size 1000 min_align 1000
[    0.253562] pci 0000:00:18.6: res[13]=[io  0x1000-0x0fff] res_to_dev_res add_size 1000 min_align 1000
[    0.253563] pci 0000:00:18.6: res[13]=[io  0x1000-0x1fff] res_to_dev_res add_size 1000 min_align 1000
[    0.253564] pci 0000:00:18.7: res[13]=[io  0x1000-0x0fff] res_to_dev_res add_size 1000 min_align 1000
[    0.253565] pci 0000:00:18.7: res[13]=[io  0x1000-0x1fff] res_to_dev_res add_size 1000 min_align 1000
[    0.253567] pci 0000:00:0f.0: BAR 6: assigned [mem 0xc0000000-0xc0007fff pref]
[    0.253569] pci 0000:00:10.0: BAR 6: assigned [mem 0xc0008000-0xc000bfff pref]
[    0.253571] pci 0000:00:15.3: BAR 13: no space for [io  size 0x1000]
[    0.253572] pci 0000:00:15.3: BAR 13: failed to assign [io  size 0x1000]
[    0.253573] pci 0000:00:15.4: BAR 13: no space for [io  size 0x1000]
[    0.253574] pci 0000:00:15.4: BAR 13: failed to assign [io  size 0x1000]
[    0.253575] pci 0000:00:15.5: BAR 13: no space for [io  size 0x1000]
[    0.253575] pci 0000:00:15.5: BAR 13: failed to assign [io  size 0x1000]
[    0.253576] pci 0000:00:15.6: BAR 13: no space for [io  size 0x1000]
[    0.253577] pci 0000:00:15.6: BAR 13: failed to assign [io  size 0x1000]
[    0.253578] pci 0000:00:15.7: BAR 13: no space for [io  size 0x1000]
[    0.253579] pci 0000:00:15.7: BAR 13: failed to assign [io  size 0x1000]
[    0.253580] pci 0000:00:16.3: BAR 13: no space for [io  size 0x1000]
[    0.253580] pci 0000:00:16.3: BAR 13: failed to assign [io  size 0x1000]
[    0.253581] pci 0000:00:16.4: BAR 13: no space for [io  size 0x1000]
[    0.253582] pci 0000:00:16.4: BAR 13: failed to assign [io  size 0x1000]
[    0.253583] pci 0000:00:16.5: BAR 13: no space for [io  size 0x1000]
[    0.253583] pci 0000:00:16.5: BAR 13: failed to assign [io  size 0x1000]
[    0.253584] pci 0000:00:16.6: BAR 13: no space for [io  size 0x1000]
[    0.253585] pci 0000:00:16.6: BAR 13: failed to assign [io  size 0x1000]
[    0.253586] pci 0000:00:16.7: BAR 13: no space for [io  size 0x1000]
[    0.253586] pci 0000:00:16.7: BAR 13: failed to assign [io  size 0x1000]
[    0.253587] pci 0000:00:17.3: BAR 13: no space for [io  size 0x1000]
[    0.253588] pci 0000:00:17.3: BAR 13: failed to assign [io  size 0x1000]
[    0.253589] pci 0000:00:17.4: BAR 13: no space for [io  size 0x1000]
[    0.253589] pci 0000:00:17.4: BAR 13: failed to assign [io  size 0x1000]
[    0.253590] pci 0000:00:17.5: BAR 13: no space for [io  size 0x1000]
[    0.253591] pci 0000:00:17.5: BAR 13: failed to assign [io  size 0x1000]
[    0.253592] pci 0000:00:17.6: BAR 13: no space for [io  size 0x1000]
[    0.253593] pci 0000:00:17.6: BAR 13: failed to assign [io  size 0x1000]
[    0.253593] pci 0000:00:17.7: BAR 13: no space for [io  size 0x1000]
[    0.253594] pci 0000:00:17.7: BAR 13: failed to assign [io  size 0x1000]
[    0.253595] pci 0000:00:18.2: BAR 13: no space for [io  size 0x1000]
[    0.253596] pci 0000:00:18.2: BAR 13: failed to assign [io  size 0x1000]
[    0.253597] pci 0000:00:18.3: BAR 13: no space for [io  size 0x1000]
[    0.253597] pci 0000:00:18.3: BAR 13: failed to assign [io  size 0x1000]
[    0.253598] pci 0000:00:18.4: BAR 13: no space for [io  size 0x1000]
[    0.253599] pci 0000:00:18.4: BAR 13: failed to assign [io  size 0x1000]
[    0.253600] pci 0000:00:18.5: BAR 13: no space for [io  size 0x1000]
[    0.253600] pci 0000:00:18.5: BAR 13: failed to assign [io  size 0x1000]
[    0.253601] pci 0000:00:18.6: BAR 13: no space for [io  size 0x1000]
[    0.253602] pci 0000:00:18.6: BAR 13: failed to assign [io  size 0x1000]
[    0.253603] pci 0000:00:18.7: BAR 13: no space for [io  size 0x1000]
[    0.253603] pci 0000:00:18.7: BAR 13: failed to assign [io  size 0x1000]
[    0.253606] pci 0000:00:18.7: BAR 13: no space for [io  size 0x1000]
[    0.253606] pci 0000:00:18.7: BAR 13: failed to assign [io  size 0x1000]
[    0.253607] pci 0000:00:18.6: BAR 13: no space for [io  size 0x1000]
[    0.253608] pci 0000:00:18.6: BAR 13: failed to assign [io  size 0x1000]
[    0.253609] pci 0000:00:18.5: BAR 13: no space for [io  size 0x1000]
[    0.253610] pci 0000:00:18.5: BAR 13: failed to assign [io  size 0x1000]
[    0.253611] pci 0000:00:18.4: BAR 13: no space for [io  size 0x1000]
[    0.253611] pci 0000:00:18.4: BAR 13: failed to assign [io  size 0x1000]
[    0.253612] pci 0000:00:18.3: BAR 13: no space for [io  size 0x1000]
[    0.253613] pci 0000:00:18.3: BAR 13: failed to assign [io  size 0x1000]
[    0.253614] pci 0000:00:18.2: BAR 13: no space for [io  size 0x1000]
[    0.253614] pci 0000:00:18.2: BAR 13: failed to assign [io  size 0x1000]
[    0.253615] pci 0000:00:17.7: BAR 13: no space for [io  size 0x1000]
[    0.253616] pci 0000:00:17.7: BAR 13: failed to assign [io  size 0x1000]
[    0.253617] pci 0000:00:17.6: BAR 13: no space for [io  size 0x1000]
[    0.253618] pci 0000:00:17.6: BAR 13: failed to assign [io  size 0x1000]
[    0.253618] pci 0000:00:17.5: BAR 13: no space for [io  size 0x1000]
[    0.253619] pci 0000:00:17.5: BAR 13: failed to assign [io  size 0x1000]
[    0.253620] pci 0000:00:17.4: BAR 13: no space for [io  size 0x1000]
[    0.253621] pci 0000:00:17.4: BAR 13: failed to assign [io  size 0x1000]
[    0.253622] pci 0000:00:17.3: BAR 13: no space for [io  size 0x1000]
[    0.253622] pci 0000:00:17.3: BAR 13: failed to assign [io  size 0x1000]
[    0.253623] pci 0000:00:16.7: BAR 13: no space for [io  size 0x1000]
[    0.253624] pci 0000:00:16.7: BAR 13: failed to assign [io  size 0x1000]
[    0.253625] pci 0000:00:16.6: BAR 13: no space for [io  size 0x1000]
[    0.253625] pci 0000:00:16.6: BAR 13: failed to assign [io  size 0x1000]
[    0.253626] pci 0000:00:16.5: BAR 13: no space for [io  size 0x1000]
[    0.253627] pci 0000:00:16.5: BAR 13: failed to assign [io  size 0x1000]
[    0.253628] pci 0000:00:16.4: BAR 13: no space for [io  size 0x1000]
[    0.253629] pci 0000:00:16.4: BAR 13: failed to assign [io  size 0x1000]
[    0.253630] pci 0000:00:16.3: BAR 13: no space for [io  size 0x1000]
[    0.253630] pci 0000:00:16.3: BAR 13: failed to assign [io  size 0x1000]
[    0.253631] pci 0000:00:15.7: BAR 13: no space for [io  size 0x1000]
[    0.253632] pci 0000:00:15.7: BAR 13: failed to assign [io  size 0x1000]
[    0.253633] pci 0000:00:15.6: BAR 13: no space for [io  size 0x1000]
[    0.253633] pci 0000:00:15.6: BAR 13: failed to assign [io  size 0x1000]
[    0.253634] pci 0000:00:15.5: BAR 13: no space for [io  size 0x1000]
[    0.253635] pci 0000:00:15.5: BAR 13: failed to assign [io  size 0x1000]
[    0.253636] pci 0000:00:15.4: BAR 13: no space for [io  size 0x1000]
[    0.253636] pci 0000:00:15.4: BAR 13: failed to assign [io  size 0x1000]
[    0.253637] pci 0000:00:15.3: BAR 13: no space for [io  size 0x1000]
[    0.253638] pci 0000:00:15.3: BAR 13: failed to assign [io  size 0x1000]
[    0.253639] pci 0000:00:01.0: PCI bridge to [bus 01]
[    0.253702] pci 0000:02:01.0: BAR 6: assigned [mem 0xfd500000-0xfd50ffff pref]
[    0.253703] pci 0000:02:05.0: BAR 6: assigned [mem 0xfd510000-0xfd51ffff pref]
[    0.253704] pci 0000:00:11.0: PCI bridge to [bus 02]
[    0.253711] pci 0000:00:11.0:   bridge window [io  0x2000-0x3fff]
[    0.253729] pci 0000:00:11.0:   bridge window [mem 0xfd500000-0xfdffffff]
[    0.253740] pci 0000:00:11.0:   bridge window [mem 0xe7b00000-0xe7ffffff 64bit pref]
[    0.253763] pci 0000:00:15.0: PCI bridge to [bus 03]
[    0.253769] pci 0000:00:15.0:   bridge window [io  0x4000-0x4fff]
[    0.253786] pci 0000:00:15.0:   bridge window [mem 0xfd400000-0xfd4fffff]
[    0.253798] pci 0000:00:15.0:   bridge window [mem 0xe7a00000-0xe7afffff 64bit pref]
[    0.253844] pci 0000:00:15.1: PCI bridge to [bus 04]
[    0.253851] pci 0000:00:15.1:   bridge window [io  0x8000-0x8fff]
[    0.253868] pci 0000:00:15.1:   bridge window [mem 0xfd000000-0xfd0fffff]
[    0.253879] pci 0000:00:15.1:   bridge window [mem 0xe7600000-0xe76fffff 64bit pref]
[    0.253907] pci 0000:00:15.2: PCI bridge to [bus 05]
[    0.253913] pci 0000:00:15.2:   bridge window [io  0xc000-0xcfff]
[    0.253930] pci 0000:00:15.2:   bridge window [mem 0xfcc00000-0xfccfffff]
[    0.253942] pci 0000:00:15.2:   bridge window [mem 0xe7200000-0xe72fffff 64bit pref]
[    0.253968] pci 0000:00:15.3: PCI bridge to [bus 06]
[    0.253986] pci 0000:00:15.3:   bridge window [mem 0xfc800000-0xfc8fffff]
[    0.253997] pci 0000:00:15.3:   bridge window [mem 0xe6e00000-0xe6efffff 64bit pref]
[    0.254023] pci 0000:00:15.4: PCI bridge to [bus 07]
[    0.254041] pci 0000:00:15.4:   bridge window [mem 0xfc400000-0xfc4fffff]
[    0.254052] pci 0000:00:15.4:   bridge window [mem 0xe6a00000-0xe6afffff 64bit pref]
[    0.254078] pci 0000:00:15.5: PCI bridge to [bus 08]
[    0.254095] pci 0000:00:15.5:   bridge window [mem 0xfc000000-0xfc0fffff]
[    0.254107] pci 0000:00:15.5:   bridge window [mem 0xe6600000-0xe66fffff 64bit pref]
[    0.254133] pci 0000:00:15.6: PCI bridge to [bus 09]
[    0.254150] pci 0000:00:15.6:   bridge window [mem 0xfbc00000-0xfbcfffff]
[    0.254161] pci 0000:00:15.6:   bridge window [mem 0xe6200000-0xe62fffff 64bit pref]
[    0.254195] pci 0000:00:15.7: PCI bridge to [bus 0a]
[    0.254213] pci 0000:00:15.7:   bridge window [mem 0xfb800000-0xfb8fffff]
[    0.254224] pci 0000:00:15.7:   bridge window [mem 0xe5e00000-0xe5efffff 64bit pref]
[    0.254251] pci 0000:00:16.0: PCI bridge to [bus 0b]
[    0.254257] pci 0000:00:16.0:   bridge window [io  0x5000-0x5fff]
[    0.254274] pci 0000:00:16.0:   bridge window [mem 0xfd300000-0xfd3fffff]
[    0.254286] pci 0000:00:16.0:   bridge window [mem 0xe7900000-0xe79fffff 64bit pref]
[    0.254312] pci 0000:00:16.1: PCI bridge to [bus 0c]
[    0.254319] pci 0000:00:16.1:   bridge window [io  0x9000-0x9fff]
[    0.254335] pci 0000:00:16.1:   bridge window [mem 0xfcf00000-0xfcffffff]
[    0.254347] pci 0000:00:16.1:   bridge window [mem 0xe7500000-0xe75fffff 64bit pref]
[    0.254373] pci 0000:00:16.2: PCI bridge to [bus 0d]
[    0.254380] pci 0000:00:16.2:   bridge window [io  0xd000-0xdfff]
[    0.254396] pci 0000:00:16.2:   bridge window [mem 0xfcb00000-0xfcbfffff]
[    0.254408] pci 0000:00:16.2:   bridge window [mem 0xe7100000-0xe71fffff 64bit pref]
[    0.254434] pci 0000:00:16.3: PCI bridge to [bus 0e]
[    0.254451] pci 0000:00:16.3:   bridge window [mem 0xfc700000-0xfc7fffff]
[    0.254462] pci 0000:00:16.3:   bridge window [mem 0xe6d00000-0xe6dfffff 64bit pref]
[    0.254488] pci 0000:00:16.4: PCI bridge to [bus 0f]
[    0.254505] pci 0000:00:16.4:   bridge window [mem 0xfc300000-0xfc3fffff]
[    0.254517] pci 0000:00:16.4:   bridge window [mem 0xe6900000-0xe69fffff 64bit pref]
[    0.254543] pci 0000:00:16.5: PCI bridge to [bus 10]
[    0.254560] pci 0000:00:16.5:   bridge window [mem 0xfbf00000-0xfbffffff]
[    0.254571] pci 0000:00:16.5:   bridge window [mem 0xe6500000-0xe65fffff 64bit pref]
[    0.254597] pci 0000:00:16.6: PCI bridge to [bus 11]
[    0.254614] pci 0000:00:16.6:   bridge window [mem 0xfbb00000-0xfbbfffff]
[    0.254626] pci 0000:00:16.6:   bridge window [mem 0xe6100000-0xe61fffff 64bit pref]
[    0.254651] pci 0000:00:16.7: PCI bridge to [bus 12]
[    0.254669] pci 0000:00:16.7:   bridge window [mem 0xfb700000-0xfb7fffff]
[    0.254685] pci 0000:00:16.7:   bridge window [mem 0xe5d00000-0xe5dfffff 64bit pref]
[    0.254715] pci 0000:00:17.0: PCI bridge to [bus 13]
[    0.254722] pci 0000:00:17.0:   bridge window [io  0x6000-0x6fff]
[    0.254739] pci 0000:00:17.0:   bridge window [mem 0xfd200000-0xfd2fffff]
[    0.254750] pci 0000:00:17.0:   bridge window [mem 0xe7800000-0xe78fffff 64bit pref]
[    0.254778] pci 0000:00:17.1: PCI bridge to [bus 14]
[    0.254785] pci 0000:00:17.1:   bridge window [io  0xa000-0xafff]
[    0.254802] pci 0000:00:17.1:   bridge window [mem 0xfce00000-0xfcefffff]
[    0.254813] pci 0000:00:17.1:   bridge window [mem 0xe7400000-0xe74fffff 64bit pref]
[    0.254839] pci 0000:00:17.2: PCI bridge to [bus 15]
[    0.254846] pci 0000:00:17.2:   bridge window [io  0xe000-0xefff]
[    0.254863] pci 0000:00:17.2:   bridge window [mem 0xfca00000-0xfcafffff]
[    0.254874] pci 0000:00:17.2:   bridge window [mem 0xe7000000-0xe70fffff 64bit pref]
[    0.254900] pci 0000:00:17.3: PCI bridge to [bus 16]
[    0.254918] pci 0000:00:17.3:   bridge window [mem 0xfc600000-0xfc6fffff]
[    0.254929] pci 0000:00:17.3:   bridge window [mem 0xe6c00000-0xe6cfffff 64bit pref]
[    0.254955] pci 0000:00:17.4: PCI bridge to [bus 17]
[    0.254972] pci 0000:00:17.4:   bridge window [mem 0xfc200000-0xfc2fffff]
[    0.254984] pci 0000:00:17.4:   bridge window [mem 0xe6800000-0xe68fffff 64bit pref]
[    0.255010] pci 0000:00:17.5: PCI bridge to [bus 18]
[    0.255027] pci 0000:00:17.5:   bridge window [mem 0xfbe00000-0xfbefffff]
[    0.255039] pci 0000:00:17.5:   bridge window [mem 0xe6400000-0xe64fffff 64bit pref]
[    0.255065] pci 0000:00:17.6: PCI bridge to [bus 19]
[    0.255082] pci 0000:00:17.6:   bridge window [mem 0xfba00000-0xfbafffff]
[    0.255093] pci 0000:00:17.6:   bridge window [mem 0xe6000000-0xe60fffff 64bit pref]
[    0.255119] pci 0000:00:17.7: PCI bridge to [bus 1a]
[    0.255136] pci 0000:00:17.7:   bridge window [mem 0xfb600000-0xfb6fffff]
[    0.255148] pci 0000:00:17.7:   bridge window [mem 0xe5c00000-0xe5cfffff 64bit pref]
[    0.255175] pci 0000:00:18.0: PCI bridge to [bus 1b]
[    0.255183] pci 0000:00:18.0:   bridge window [io  0x7000-0x7fff]
[    0.255200] pci 0000:00:18.0:   bridge window [mem 0xfd100000-0xfd1fffff]
[    0.255212] pci 0000:00:18.0:   bridge window [mem 0xe7700000-0xe77fffff 64bit pref]
[    0.255238] pci 0000:00:18.1: PCI bridge to [bus 1c]
[    0.255244] pci 0000:00:18.1:   bridge window [io  0xb000-0xbfff]
[    0.255261] pci 0000:00:18.1:   bridge window [mem 0xfcd00000-0xfcdfffff]
[    0.255273] pci 0000:00:18.1:   bridge window [mem 0xe7300000-0xe73fffff 64bit pref]
[    0.255299] pci 0000:00:18.2: PCI bridge to [bus 1d]
[    0.255316] pci 0000:00:18.2:   bridge window [mem 0xfc900000-0xfc9fffff]
[    0.255328] pci 0000:00:18.2:   bridge window [mem 0xe6f00000-0xe6ffffff 64bit pref]
[    0.255354] pci 0000:00:18.3: PCI bridge to [bus 1e]
[    0.255371] pci 0000:00:18.3:   bridge window [mem 0xfc500000-0xfc5fffff]
[    0.255383] pci 0000:00:18.3:   bridge window [mem 0xe6b00000-0xe6bfffff 64bit pref]
[    0.255409] pci 0000:00:18.4: PCI bridge to [bus 1f]
[    0.255426] pci 0000:00:18.4:   bridge window [mem 0xfc100000-0xfc1fffff]
[    0.255438] pci 0000:00:18.4:   bridge window [mem 0xe6700000-0xe67fffff 64bit pref]
[    0.255464] pci 0000:00:18.5: PCI bridge to [bus 20]
[    0.255481] pci 0000:00:18.5:   bridge window [mem 0xfbd00000-0xfbdfffff]
[    0.255492] pci 0000:00:18.5:   bridge window [mem 0xe6300000-0xe63fffff 64bit pref]
[    0.255518] pci 0000:00:18.6: PCI bridge to [bus 21]
[    0.255535] pci 0000:00:18.6:   bridge window [mem 0xfb900000-0xfb9fffff]
[    0.255547] pci 0000:00:18.6:   bridge window [mem 0xe5f00000-0xe5ffffff 64bit pref]
[    0.255572] pci 0000:00:18.7: PCI bridge to [bus 22]
[    0.255590] pci 0000:00:18.7:   bridge window [mem 0xfb500000-0xfb5fffff]
[    0.255601] pci 0000:00:18.7:   bridge window [mem 0xe5b00000-0xe5bfffff 64bit pref]
[    0.255628] pci_bus 0000:00: resource 4 [mem 0x000a0000-0x000bffff window]
[    0.255629] pci_bus 0000:00: resource 5 [mem 0x000d0000-0x000d3fff window]
[    0.255629] pci_bus 0000:00: resource 6 [mem 0x000d4000-0x000d7fff window]
[    0.255630] pci_bus 0000:00: resource 7 [mem 0x000d8000-0x000dbfff window]
[    0.255631] pci_bus 0000:00: resource 8 [mem 0xc0000000-0xfebfffff window]
[    0.255632] pci_bus 0000:00: resource 9 [io  0x0000-0x0cf7 window]
[    0.255632] pci_bus 0000:00: resource 10 [io  0x0d00-0xfeff window]
[    0.255634] pci_bus 0000:02: resource 0 [io  0x2000-0x3fff]
[    0.255634] pci_bus 0000:02: resource 1 [mem 0xfd500000-0xfdffffff]
[    0.255635] pci_bus 0000:02: resource 2 [mem 0xe7b00000-0xe7ffffff 64bit pref]
[    0.255635] pci_bus 0000:02: resource 4 [mem 0x000a0000-0x000bffff window]
[    0.255636] pci_bus 0000:02: resource 5 [mem 0x000d0000-0x000d3fff window]
[    0.255637] pci_bus 0000:02: resource 6 [mem 0x000d4000-0x000d7fff window]
[    0.255637] pci_bus 0000:02: resource 7 [mem 0x000d8000-0x000dbfff window]
[    0.255638] pci_bus 0000:02: resource 8 [mem 0xc0000000-0xfebfffff window]
[    0.255639] pci_bus 0000:02: resource 9 [io  0x0000-0x0cf7 window]
[    0.255639] pci_bus 0000:02: resource 10 [io  0x0d00-0xfeff window]
[    0.255640] pci_bus 0000:03: resource 0 [io  0x4000-0x4fff]
[    0.255641] pci_bus 0000:03: resource 1 [mem 0xfd400000-0xfd4fffff]
[    0.255642] pci_bus 0000:03: resource 2 [mem 0xe7a00000-0xe7afffff 64bit pref]
[    0.255643] pci_bus 0000:04: resource 0 [io  0x8000-0x8fff]
[    0.255643] pci_bus 0000:04: resource 1 [mem 0xfd000000-0xfd0fffff]
[    0.255644] pci_bus 0000:04: resource 2 [mem 0xe7600000-0xe76fffff 64bit pref]
[    0.255645] pci_bus 0000:05: resource 0 [io  0xc000-0xcfff]
[    0.255645] pci_bus 0000:05: resource 1 [mem 0xfcc00000-0xfccfffff]
[    0.255646] pci_bus 0000:05: resource 2 [mem 0xe7200000-0xe72fffff 64bit pref]
[    0.255647] pci_bus 0000:06: resource 1 [mem 0xfc800000-0xfc8fffff]
[    0.255647] pci_bus 0000:06: resource 2 [mem 0xe6e00000-0xe6efffff 64bit pref]
[    0.255648] pci_bus 0000:07: resource 1 [mem 0xfc400000-0xfc4fffff]
[    0.255649] pci_bus 0000:07: resource 2 [mem 0xe6a00000-0xe6afffff 64bit pref]
[    0.255650] pci_bus 0000:08: resource 1 [mem 0xfc000000-0xfc0fffff]
[    0.255650] pci_bus 0000:08: resource 2 [mem 0xe6600000-0xe66fffff 64bit pref]
[    0.255651] pci_bus 0000:09: resource 1 [mem 0xfbc00000-0xfbcfffff]
[    0.255652] pci_bus 0000:09: resource 2 [mem 0xe6200000-0xe62fffff 64bit pref]
[    0.255652] pci_bus 0000:0a: resource 1 [mem 0xfb800000-0xfb8fffff]
[    0.255653] pci_bus 0000:0a: resource 2 [mem 0xe5e00000-0xe5efffff 64bit pref]
[    0.255654] pci_bus 0000:0b: resource 0 [io  0x5000-0x5fff]
[    0.255654] pci_bus 0000:0b: resource 1 [mem 0xfd300000-0xfd3fffff]
[    0.255655] pci_bus 0000:0b: resource 2 [mem 0xe7900000-0xe79fffff 64bit pref]
[    0.255656] pci_bus 0000:0c: resource 0 [io  0x9000-0x9fff]
[    0.255656] pci_bus 0000:0c: resource 1 [mem 0xfcf00000-0xfcffffff]
[    0.255657] pci_bus 0000:0c: resource 2 [mem 0xe7500000-0xe75fffff 64bit pref]
[    0.255658] pci_bus 0000:0d: resource 0 [io  0xd000-0xdfff]
[    0.255658] pci_bus 0000:0d: resource 1 [mem 0xfcb00000-0xfcbfffff]
[    0.255659] pci_bus 0000:0d: resource 2 [mem 0xe7100000-0xe71fffff 64bit pref]
[    0.255660] pci_bus 0000:0e: resource 1 [mem 0xfc700000-0xfc7fffff]
[    0.255660] pci_bus 0000:0e: resource 2 [mem 0xe6d00000-0xe6dfffff 64bit pref]
[    0.255661] pci_bus 0000:0f: resource 1 [mem 0xfc300000-0xfc3fffff]
[    0.255662] pci_bus 0000:0f: resource 2 [mem 0xe6900000-0xe69fffff 64bit pref]
[    0.255662] pci_bus 0000:10: resource 1 [mem 0xfbf00000-0xfbffffff]
[    0.255663] pci_bus 0000:10: resource 2 [mem 0xe6500000-0xe65fffff 64bit pref]
[    0.255664] pci_bus 0000:11: resource 1 [mem 0xfbb00000-0xfbbfffff]
[    0.255664] pci_bus 0000:11: resource 2 [mem 0xe6100000-0xe61fffff 64bit pref]
[    0.255665] pci_bus 0000:12: resource 1 [mem 0xfb700000-0xfb7fffff]
[    0.255666] pci_bus 0000:12: resource 2 [mem 0xe5d00000-0xe5dfffff 64bit pref]
[    0.255667] pci_bus 0000:13: resource 0 [io  0x6000-0x6fff]
[    0.255667] pci_bus 0000:13: resource 1 [mem 0xfd200000-0xfd2fffff]
[    0.255668] pci_bus 0000:13: resource 2 [mem 0xe7800000-0xe78fffff 64bit pref]
[    0.255669] pci_bus 0000:14: resource 0 [io  0xa000-0xafff]
[    0.255669] pci_bus 0000:14: resource 1 [mem 0xfce00000-0xfcefffff]
[    0.255670] pci_bus 0000:14: resource 2 [mem 0xe7400000-0xe74fffff 64bit pref]
[    0.255670] pci_bus 0000:15: resource 0 [io  0xe000-0xefff]
[    0.255671] pci_bus 0000:15: resource 1 [mem 0xfca00000-0xfcafffff]
[    0.255672] pci_bus 0000:15: resource 2 [mem 0xe7000000-0xe70fffff 64bit pref]
[    0.255673] pci_bus 0000:16: resource 1 [mem 0xfc600000-0xfc6fffff]
[    0.255673] pci_bus 0000:16: resource 2 [mem 0xe6c00000-0xe6cfffff 64bit pref]
[    0.255674] pci_bus 0000:17: resource 1 [mem 0xfc200000-0xfc2fffff]
[    0.255675] pci_bus 0000:17: resource 2 [mem 0xe6800000-0xe68fffff 64bit pref]
[    0.255675] pci_bus 0000:18: resource 1 [mem 0xfbe00000-0xfbefffff]
[    0.255676] pci_bus 0000:18: resource 2 [mem 0xe6400000-0xe64fffff 64bit pref]
[    0.255677] pci_bus 0000:19: resource 1 [mem 0xfba00000-0xfbafffff]
[    0.255677] pci_bus 0000:19: resource 2 [mem 0xe6000000-0xe60fffff 64bit pref]
[    0.255678] pci_bus 0000:1a: resource 1 [mem 0xfb600000-0xfb6fffff]
[    0.255679] pci_bus 0000:1a: resource 2 [mem 0xe5c00000-0xe5cfffff 64bit pref]
[    0.255679] pci_bus 0000:1b: resource 0 [io  0x7000-0x7fff]
[    0.255686] pci_bus 0000:1b: resource 1 [mem 0xfd100000-0xfd1fffff]
[    0.255687] pci_bus 0000:1b: resource 2 [mem 0xe7700000-0xe77fffff 64bit pref]
[    0.255687] pci_bus 0000:1c: resource 0 [io  0xb000-0xbfff]
[    0.255688] pci_bus 0000:1c: resource 1 [mem 0xfcd00000-0xfcdfffff]
[    0.255689] pci_bus 0000:1c: resource 2 [mem 0xe7300000-0xe73fffff 64bit pref]
[    0.255689] pci_bus 0000:1d: resource 1 [mem 0xfc900000-0xfc9fffff]
[    0.255690] pci_bus 0000:1d: resource 2 [mem 0xe6f00000-0xe6ffffff 64bit pref]
[    0.255691] pci_bus 0000:1e: resource 1 [mem 0xfc500000-0xfc5fffff]
[    0.255691] pci_bus 0000:1e: resource 2 [mem 0xe6b00000-0xe6bfffff 64bit pref]
[    0.255692] pci_bus 0000:1f: resource 1 [mem 0xfc100000-0xfc1fffff]
[    0.255693] pci_bus 0000:1f: resource 2 [mem 0xe6700000-0xe67fffff 64bit pref]
[    0.255693] pci_bus 0000:20: resource 1 [mem 0xfbd00000-0xfbdfffff]
[    0.255694] pci_bus 0000:20: resource 2 [mem 0xe6300000-0xe63fffff 64bit pref]
[    0.255695] pci_bus 0000:21: resource 1 [mem 0xfb900000-0xfb9fffff]
[    0.255695] pci_bus 0000:21: resource 2 [mem 0xe5f00000-0xe5ffffff 64bit pref]
[    0.255696] pci_bus 0000:22: resource 1 [mem 0xfb500000-0xfb5fffff]
[    0.255697] pci_bus 0000:22: resource 2 [mem 0xe5b00000-0xe5bfffff 64bit pref]
[    0.255739] NET: Registered protocol family 2
[    0.256747] TCP established hash table entries: 8192 (order: 4, 65536 bytes)
[    0.256990] TCP bind hash table entries: 8192 (order: 5, 131072 bytes)
[    0.257366] TCP: Hash tables configured (established 8192 bind 8192)
[    0.257757] UDP hash table entries: 512 (order: 2, 16384 bytes)
[    0.257804] UDP-Lite hash table entries: 512 (order: 2, 16384 bytes)
[    0.258696] NET: Registered protocol family 1
[    0.258704] pci 0000:00:00.0: Limiting direct PCI/PCI transfers
[    0.258766] pci 0000:00:0f.0: Video device with shadowed ROM at [mem 0x000c0000-0x000dffff]
[    0.259556] PCI: CLS mismatch (32 != 64), using 64 bytes
[    0.259962] Trying to unpack rootfs image as initramfs...
[    0.985152] Freeing initrd memory: 40204K (ffff9aaa7316a000 - ffff9aaa758ad000)
[    0.985198] clocksource: tsc: mask: 0xffffffffffffffff max_cycles: 0x39c5ded8016, max_idle_ns: 440795406786 ns
[    0.985238] clocksource: Switched to clocksource tsc
[    0.985270] Scanning for low memory corruption every 60 seconds
[    0.986357] futex hash table entries: 32768 (order: 9, 2097152 bytes)
[    0.986858] audit: initializing netlink subsys (disabled)
[    0.986869] audit: type=2000 audit(1492126579.979:1): initialized
[    0.987048] Initialise system trusted keyrings
[    0.987135] workingset: timestamp_bits=40 max_order=18 bucket_order=0
[    0.987938] zbud: loaded
[    0.988217] squashfs: version 4.0 (2009/01/31) Phillip Lougher
[    0.988337] fuse init (API version 7.25)
[    0.988420] Key type big_key registered
[    0.988423] Allocating IMA blacklist keyring.
[    0.989145] Key type asymmetric registered
[    0.989146] Asymmetric key parser 'x509' registered
[    0.989171] Block layer SCSI generic (bsg) driver version 0.4 loaded (major 248)
[    0.989196] io scheduler noop registered
[    0.989197] io scheduler deadline registered (default)
[    0.989201] io scheduler cfq registered
[    1.000237] pcieport 0000:00:15.0: Signaling PME through PCIe PME interrupt
[    1.000250] pcie_pme 0000:00:15.0:pcie001: service driver pcie_pme loaded
[    1.000339] pcieport 0000:00:15.1: Signaling PME through PCIe PME interrupt
[    1.000351] pcie_pme 0000:00:15.1:pcie001: service driver pcie_pme loaded
[    1.000439] pcieport 0000:00:15.2: Signaling PME through PCIe PME interrupt
[    1.000452] pcie_pme 0000:00:15.2:pcie001: service driver pcie_pme loaded
[    1.000542] pcieport 0000:00:15.3: Signaling PME through PCIe PME interrupt
[    1.000554] pcie_pme 0000:00:15.3:pcie001: service driver pcie_pme loaded
[    1.000648] pcieport 0000:00:15.4: Signaling PME through PCIe PME interrupt
[    1.000661] pcie_pme 0000:00:15.4:pcie001: service driver pcie_pme loaded
[    1.000749] pcieport 0000:00:15.5: Signaling PME through PCIe PME interrupt
[    1.000761] pcie_pme 0000:00:15.5:pcie001: service driver pcie_pme loaded
[    1.000849] pcieport 0000:00:15.6: Signaling PME through PCIe PME interrupt
[    1.000861] pcie_pme 0000:00:15.6:pcie001: service driver pcie_pme loaded
[    1.000949] pcieport 0000:00:15.7: Signaling PME through PCIe PME interrupt
[    1.000961] pcie_pme 0000:00:15.7:pcie001: service driver pcie_pme loaded
[    1.001049] pcieport 0000:00:16.0: Signaling PME through PCIe PME interrupt
[    1.001062] pcie_pme 0000:00:16.0:pcie001: service driver pcie_pme loaded
[    1.001157] pcieport 0000:00:16.1: Signaling PME through PCIe PME interrupt
[    1.001170] pcie_pme 0000:00:16.1:pcie001: service driver pcie_pme loaded
[    1.001262] pcieport 0000:00:16.2: Signaling PME through PCIe PME interrupt
[    1.001274] pcie_pme 0000:00:16.2:pcie001: service driver pcie_pme loaded
[    1.001363] pcieport 0000:00:16.3: Signaling PME through PCIe PME interrupt
[    1.001375] pcie_pme 0000:00:16.3:pcie001: service driver pcie_pme loaded
[    1.001463] pcieport 0000:00:16.4: Signaling PME through PCIe PME interrupt
[    1.001475] pcie_pme 0000:00:16.4:pcie001: service driver pcie_pme loaded
[    1.001564] pcieport 0000:00:16.5: Signaling PME through PCIe PME interrupt
[    1.001576] pcie_pme 0000:00:16.5:pcie001: service driver pcie_pme loaded
[    1.001664] pcieport 0000:00:16.6: Signaling PME through PCIe PME interrupt
[    1.001677] pcie_pme 0000:00:16.6:pcie001: service driver pcie_pme loaded
[    1.001775] pcieport 0000:00:16.7: Signaling PME through PCIe PME interrupt
[    1.001788] pcie_pme 0000:00:16.7:pcie001: service driver pcie_pme loaded
[    1.001878] pcieport 0000:00:17.0: Signaling PME through PCIe PME interrupt
[    1.001890] pcie_pme 0000:00:17.0:pcie001: service driver pcie_pme loaded
[    1.001979] pcieport 0000:00:17.1: Signaling PME through PCIe PME interrupt
[    1.001991] pcie_pme 0000:00:17.1:pcie001: service driver pcie_pme loaded
[    1.002080] pcieport 0000:00:17.2: Signaling PME through PCIe PME interrupt
[    1.002092] pcie_pme 0000:00:17.2:pcie001: service driver pcie_pme loaded
[    1.002189] pcieport 0000:00:17.3: Signaling PME through PCIe PME interrupt
[    1.002202] pcie_pme 0000:00:17.3:pcie001: service driver pcie_pme loaded
[    1.002290] pcieport 0000:00:17.4: Signaling PME through PCIe PME interrupt
[    1.002302] pcie_pme 0000:00:17.4:pcie001: service driver pcie_pme loaded
[    1.002390] pcieport 0000:00:17.5: Signaling PME through PCIe PME interrupt
[    1.002403] pcie_pme 0000:00:17.5:pcie001: service driver pcie_pme loaded
[    1.002492] pcieport 0000:00:17.6: Signaling PME through PCIe PME interrupt
[    1.002504] pcie_pme 0000:00:17.6:pcie001: service driver pcie_pme loaded
[    1.002592] pcieport 0000:00:17.7: Signaling PME through PCIe PME interrupt
[    1.002604] pcie_pme 0000:00:17.7:pcie001: service driver pcie_pme loaded
[    1.002698] pcieport 0000:00:18.0: Signaling PME through PCIe PME interrupt
[    1.002710] pcie_pme 0000:00:18.0:pcie001: service driver pcie_pme loaded
[    1.002800] pcieport 0000:00:18.1: Signaling PME through PCIe PME interrupt
[    1.002812] pcie_pme 0000:00:18.1:pcie001: service driver pcie_pme loaded
[    1.002900] pcieport 0000:00:18.2: Signaling PME through PCIe PME interrupt
[    1.002913] pcie_pme 0000:00:18.2:pcie001: service driver pcie_pme loaded
[    1.003000] pcieport 0000:00:18.3: Signaling PME through PCIe PME interrupt
[    1.003012] pcie_pme 0000:00:18.3:pcie001: service driver pcie_pme loaded
[    1.003101] pcieport 0000:00:18.4: Signaling PME through PCIe PME interrupt
[    1.003114] pcie_pme 0000:00:18.4:pcie001: service driver pcie_pme loaded
[    1.003207] pcieport 0000:00:18.5: Signaling PME through PCIe PME interrupt
[    1.003219] pcie_pme 0000:00:18.5:pcie001: service driver pcie_pme loaded
[    1.003307] pcieport 0000:00:18.6: Signaling PME through PCIe PME interrupt
[    1.003319] pcie_pme 0000:00:18.6:pcie001: service driver pcie_pme loaded
[    1.003408] pcieport 0000:00:18.7: Signaling PME through PCIe PME interrupt
[    1.003420] pcie_pme 0000:00:18.7:pcie001: service driver pcie_pme loaded
[    1.003429] pci_hotplug: PCI Hot Plug PCI Core version: 0.5
[    1.003451] pciehp 0000:00:15.0:pcie004: Slot #160 AttnBtn+ PwrCtrl+ MRL- AttnInd- PwrInd- HotPlug+ Surprise- Interlock- NoCompl+ LLActRep+
[    1.003520] pciehp 0000:00:15.0:pcie004: service driver pciehp loaded
[    1.003541] pciehp 0000:00:15.1:pcie004: Slot #161 AttnBtn+ PwrCtrl+ MRL- AttnInd- PwrInd- HotPlug+ Surprise- Interlock- NoCompl+ LLActRep+
[    1.003582] pciehp 0000:00:15.1:pcie004: service driver pciehp loaded
[    1.003602] pciehp 0000:00:15.2:pcie004: Slot #162 AttnBtn+ PwrCtrl+ MRL- AttnInd- PwrInd- HotPlug+ Surprise- Interlock- NoCompl+ LLActRep+
[    1.003652] pciehp 0000:00:15.2:pcie004: service driver pciehp loaded
[    1.003673] pciehp 0000:00:15.3:pcie004: Slot #163 AttnBtn+ PwrCtrl+ MRL- AttnInd- PwrInd- HotPlug+ Surprise- Interlock- NoCompl+ LLActRep+
[    1.003724] pciehp 0000:00:15.3:pcie004: service driver pciehp loaded
[    1.003749] pciehp 0000:00:15.4:pcie004: Slot #164 AttnBtn+ PwrCtrl+ MRL- AttnInd- PwrInd- HotPlug+ Surprise- Interlock- NoCompl+ LLActRep+
[    1.003794] pciehp 0000:00:15.4:pcie004: service driver pciehp loaded
[    1.003815] pciehp 0000:00:15.5:pcie004: Slot #165 AttnBtn+ PwrCtrl+ MRL- AttnInd- PwrInd- HotPlug+ Surprise- Interlock- NoCompl+ LLActRep+
[    1.003855] pciehp 0000:00:15.5:pcie004: service driver pciehp loaded
[    1.003875] pciehp 0000:00:15.6:pcie004: Slot #166 AttnBtn+ PwrCtrl+ MRL- AttnInd- PwrInd- HotPlug+ Surprise- Interlock- NoCompl+ LLActRep+
[    1.003914] pciehp 0000:00:15.6:pcie004: service driver pciehp loaded
[    1.003934] pciehp 0000:00:15.7:pcie004: Slot #167 AttnBtn+ PwrCtrl+ MRL- AttnInd- PwrInd- HotPlug+ Surprise- Interlock- NoCompl+ LLActRep+
[    1.003975] pciehp 0000:00:15.7:pcie004: service driver pciehp loaded
[    1.003995] pciehp 0000:00:16.0:pcie004: Slot #192 AttnBtn+ PwrCtrl+ MRL- AttnInd- PwrInd- HotPlug+ Surprise- Interlock- NoCompl+ LLActRep+
[    1.004036] pciehp 0000:00:16.0:pcie004: service driver pciehp loaded
[    1.004057] pciehp 0000:00:16.1:pcie004: Slot #193 AttnBtn+ PwrCtrl+ MRL- AttnInd- PwrInd- HotPlug+ Surprise- Interlock- NoCompl+ LLActRep+
[    1.004095] pciehp 0000:00:16.1:pcie004: service driver pciehp loaded
[    1.004116] pciehp 0000:00:16.2:pcie004: Slot #194 AttnBtn+ PwrCtrl+ MRL- AttnInd- PwrInd- HotPlug+ Surprise- Interlock- NoCompl+ LLActRep+
[    1.004156] pciehp 0000:00:16.2:pcie004: service driver pciehp loaded
[    1.004176] pciehp 0000:00:16.3:pcie004: Slot #195 AttnBtn+ PwrCtrl+ MRL- AttnInd- PwrInd- HotPlug+ Surprise- Interlock- NoCompl+ LLActRep+
[    1.004216] pciehp 0000:00:16.3:pcie004: service driver pciehp loaded
[    1.004236] pciehp 0000:00:16.4:pcie004: Slot #196 AttnBtn+ PwrCtrl+ MRL- AttnInd- PwrInd- HotPlug+ Surprise- Interlock- NoCompl+ LLActRep+
[    1.004274] pciehp 0000:00:16.4:pcie004: service driver pciehp loaded
[    1.004294] pciehp 0000:00:16.5:pcie004: Slot #197 AttnBtn+ PwrCtrl+ MRL- AttnInd- PwrInd- HotPlug+ Surprise- Interlock- NoCompl+ LLActRep+
[    1.004334] pciehp 0000:00:16.5:pcie004: service driver pciehp loaded
[    1.004356] pciehp 0000:00:16.6:pcie004: Slot #198 AttnBtn+ PwrCtrl+ MRL- AttnInd- PwrInd- HotPlug+ Surprise- Interlock- NoCompl+ LLActRep+
[    1.004395] pciehp 0000:00:16.6:pcie004: service driver pciehp loaded
[    1.004415] pciehp 0000:00:16.7:pcie004: Slot #199 AttnBtn+ PwrCtrl+ MRL- AttnInd- PwrInd- HotPlug+ Surprise- Interlock- NoCompl+ LLActRep+
[    1.004454] pciehp 0000:00:16.7:pcie004: service driver pciehp loaded
[    1.004474] pciehp 0000:00:17.0:pcie004: Slot #224 AttnBtn+ PwrCtrl+ MRL- AttnInd- PwrInd- HotPlug+ Surprise- Interlock- NoCompl+ LLActRep+
[    1.004514] pciehp 0000:00:17.0:pcie004: service driver pciehp loaded
[    1.004534] pciehp 0000:00:17.1:pcie004: Slot #225 AttnBtn+ PwrCtrl+ MRL- AttnInd- PwrInd- HotPlug+ Surprise- Interlock- NoCompl+ LLActRep+
[    1.004573] pciehp 0000:00:17.1:pcie004: service driver pciehp loaded
[    1.004593] pciehp 0000:00:17.2:pcie004: Slot #226 AttnBtn+ PwrCtrl+ MRL- AttnInd- PwrInd- HotPlug+ Surprise- Interlock- NoCompl+ LLActRep+
[    1.004641] pciehp 0000:00:17.2:pcie004: service driver pciehp loaded
[    1.004668] pciehp 0000:00:17.3:pcie004: Slot #227 AttnBtn+ PwrCtrl+ MRL- AttnInd- PwrInd- HotPlug+ Surprise- Interlock- NoCompl+ LLActRep+
[    1.004760] pciehp 0000:00:17.3:pcie004: service driver pciehp loaded
[    1.004781] pciehp 0000:00:17.4:pcie004: Slot #228 AttnBtn+ PwrCtrl+ MRL- AttnInd- PwrInd- HotPlug+ Surprise- Interlock- NoCompl+ LLActRep+
[    1.004820] pciehp 0000:00:17.4:pcie004: service driver pciehp loaded
[    1.004840] pciehp 0000:00:17.5:pcie004: Slot #229 AttnBtn+ PwrCtrl+ MRL- AttnInd- PwrInd- HotPlug+ Surprise- Interlock- NoCompl+ LLActRep+
[    1.004879] pciehp 0000:00:17.5:pcie004: service driver pciehp loaded
[    1.004899] pciehp 0000:00:17.6:pcie004: Slot #230 AttnBtn+ PwrCtrl+ MRL- AttnInd- PwrInd- HotPlug+ Surprise- Interlock- NoCompl+ LLActRep+
[    1.004938] pciehp 0000:00:17.6:pcie004: service driver pciehp loaded
[    1.004959] pciehp 0000:00:17.7:pcie004: Slot #231 AttnBtn+ PwrCtrl+ MRL- AttnInd- PwrInd- HotPlug+ Surprise- Interlock- NoCompl+ LLActRep+
[    1.004997] pciehp 0000:00:17.7:pcie004: service driver pciehp loaded
[    1.005017] pciehp 0000:00:18.0:pcie004: Slot #256 AttnBtn+ PwrCtrl+ MRL- AttnInd- PwrInd- HotPlug+ Surprise- Interlock- NoCompl+ LLActRep+
[    1.005058] pciehp 0000:00:18.0:pcie004: service driver pciehp loaded
[    1.005078] pciehp 0000:00:18.1:pcie004: Slot #257 AttnBtn+ PwrCtrl+ MRL- AttnInd- PwrInd- HotPlug+ Surprise- Interlock- NoCompl+ LLActRep+
[    1.005116] pciehp 0000:00:18.1:pcie004: service driver pciehp loaded
[    1.005142] pciehp 0000:00:18.2:pcie004: Slot #258 AttnBtn+ PwrCtrl+ MRL- AttnInd- PwrInd- HotPlug+ Surprise- Interlock- NoCompl+ LLActRep+
[    1.005181] pciehp 0000:00:18.2:pcie004: service driver pciehp loaded
[    1.005201] pciehp 0000:00:18.3:pcie004: Slot #259 AttnBtn+ PwrCtrl+ MRL- AttnInd- PwrInd- HotPlug+ Surprise- Interlock- NoCompl+ LLActRep+
[    1.005242] pciehp 0000:00:18.3:pcie004: service driver pciehp loaded
[    1.005262] pciehp 0000:00:18.4:pcie004: Slot #260 AttnBtn+ PwrCtrl+ MRL- AttnInd- PwrInd- HotPlug+ Surprise- Interlock- NoCompl+ LLActRep+
[    1.005309] pciehp 0000:00:18.4:pcie004: service driver pciehp loaded
[    1.005330] pciehp 0000:00:18.5:pcie004: Slot #261 AttnBtn+ PwrCtrl+ MRL- AttnInd- PwrInd- HotPlug+ Surprise- Interlock- NoCompl+ LLActRep+
[    1.005369] pciehp 0000:00:18.5:pcie004: service driver pciehp loaded
[    1.005390] pciehp 0000:00:18.6:pcie004: Slot #262 AttnBtn+ PwrCtrl+ MRL- AttnInd- PwrInd- HotPlug+ Surprise- Interlock- NoCompl+ LLActRep+
[    1.005429] pciehp 0000:00:18.6:pcie004: service driver pciehp loaded
[    1.005449] pciehp 0000:00:18.7:pcie004: Slot #263 AttnBtn+ PwrCtrl+ MRL- AttnInd- PwrInd- HotPlug+ Surprise- Interlock- NoCompl+ LLActRep+
[    1.005488] pciehp 0000:00:18.7:pcie004: service driver pciehp loaded
[    1.005492] pciehp: PCI Express Hot Plug Controller Driver version: 0.4
[    1.005515] intel_idle: does not run on family 6 model 94
[    1.005619] ACPI: AC Adapter [ACAD] (on-line)
[    1.005695] input: Power Button as /devices/LNXSYSTM:00/LNXPWRBN:00/input/input0
[    1.005698] ACPI: Power Button [PWRF]
[    1.005873] GHES: HEST is not enabled!
[    1.005929] Serial: 8250/16550 driver, 32 ports, IRQ sharing enabled
[    1.028606] 00:05: ttyS0 at I/O 0x3f8 (irq = 4, base_baud = 115200) is a 16550A
[    1.029341] Linux agpgart interface v0.103
[    1.029382] agpgart-intel 0000:00:00.0: Intel 440BX Chipset
[    1.029648] agpgart-intel 0000:00:00.0: AGP aperture is 256M @ 0x0
[    1.032315] brd: module loaded
[    1.033399] loop: module loaded
[    1.033492] ata_piix 0000:00:07.1: version 2.13
[    1.033818] scsi host0: ata_piix
[    1.033858] scsi host1: ata_piix
[    1.033875] ata1: PATA max UDMA/33 cmd 0x1f0 ctl 0x3f6 bmdma 0x1060 irq 14
[    1.033876] ata2: PATA max UDMA/33 cmd 0x170 ctl 0x376 bmdma 0x1068 irq 15
[    1.033922] libphy: Fixed MDIO Bus: probed
[    1.033923] tun: Universal TUN/TAP device driver, 1.6
[    1.033924] tun: (C) 1999-2004 Max Krasnyansky <maxk@qualcomm.com>
[    1.034123] PPP generic driver version 2.4.2
[    1.034147] ehci_hcd: USB 2.0 'Enhanced' Host Controller (EHCI) Driver
[    1.034149] ehci-pci: EHCI PCI platform driver
[    1.034373] ehci-pci 0000:02:03.0: EHCI Host Controller
[    1.034376] ehci-pci 0000:02:03.0: new USB bus registered, assigned bus number 1
[    1.034488] ehci-pci 0000:02:03.0: cache line size of 64 is not supported
[    1.034497] ehci-pci 0000:02:03.0: irq 17, io mem 0xfd5ef000
[    1.049746] ehci-pci 0000:02:03.0: USB 2.0 started, EHCI 1.00
[    1.049813] usb usb1: New USB device found, idVendor=1d6b, idProduct=0002
[    1.049814] usb usb1: New USB device strings: Mfr=3, Product=2, SerialNumber=1
[    1.049815] usb usb1: Product: EHCI Host Controller
[    1.049816] usb usb1: Manufacturer: Linux 4.8.0-26-generic ehci_hcd
[    1.049816] usb usb1: SerialNumber: 0000:02:03.0
[    1.049907] hub 1-0:1.0: USB hub found
[    1.049912] hub 1-0:1.0: 6 ports detected
[    1.050074] ehci-platform: EHCI generic platform driver
[    1.050088] ohci_hcd: USB 1.1 'Open' Host Controller (OHCI) Driver
[    1.050090] ohci-pci: OHCI PCI platform driver
[    1.050101] ohci-platform: OHCI generic platform driver
[    1.050107] uhci_hcd: USB Universal Host Controller Interface driver
[    1.050383] uhci_hcd 0000:02:00.0: UHCI Host Controller
[    1.050388] uhci_hcd 0000:02:00.0: new USB bus registered, assigned bus number 2
[    1.050423] uhci_hcd 0000:02:00.0: detected 2 ports
[    1.050548] uhci_hcd 0000:02:00.0: irq 18, io base 0x00002080
[    1.050659] usb usb2: New USB device found, idVendor=1d6b, idProduct=0001
[    1.050660] usb usb2: New USB device strings: Mfr=3, Product=2, SerialNumber=1
[    1.050661] usb usb2: Product: UHCI Host Controller
[    1.050662] usb usb2: Manufacturer: Linux 4.8.0-26-generic uhci_hcd
[    1.050662] usb usb2: SerialNumber: 0000:02:00.0
[    1.050733] hub 2-0:1.0: USB hub found
[    1.050738] hub 2-0:1.0: 2 ports detected
[    1.050876] i8042: PNP: PS/2 Controller [PNP0303:KBC,PNP0f13:MOUS] at 0x60,0x64 irq 1,12
[    1.051462] serio: i8042 KBD port at 0x60,0x64 irq 1
[    1.051466] serio: i8042 AUX port at 0x60,0x64 irq 12
[    1.051543] mousedev: PS/2 mouse device common for all mice
[    1.071717] rtc_cmos 00:01: rtc core: registered rtc_cmos as rtc0
[    1.071837] rtc_cmos 00:01: alarms up to one month, y3k, 114 bytes nvram, hpet irqs
[    1.071848] i2c /dev entries driver
